Component: Arm Compiler for Embedded 6.19 Tool: armlink [5e73cb00]

==============================================================================

Section Cross References

    startup_stm32f103xb.o(STACK) refers (Special) to heapauxi.o(.text) for __use_two_region_memory
    startup_stm32f103xb.o(HEAP) refers (Special) to heapauxi.o(.text) for __use_two_region_memory
    startup_stm32f103xb.o(RESET) refers (Special) to heapauxi.o(.text) for __use_two_region_memory
    startup_stm32f103xb.o(RESET) refers to startup_stm32f103xb.o(STACK) for __initial_sp
    startup_stm32f103xb.o(RESET) refers to startup_stm32f103xb.o(.text) for Reset_Handler
    startup_stm32f103xb.o(RESET) refers to stm32f1xx_it.o(.text.NMI_Handler) for NMI_Handler
    startup_stm32f103xb.o(RESET) refers to stm32f1xx_it.o(.text.HardFault_Handler) for HardFault_Handler
    startup_stm32f103xb.o(RESET) refers to stm32f1xx_it.o(.text.MemManage_Handler) for MemManage_Handler
    startup_stm32f103xb.o(RESET) refers to stm32f1xx_it.o(.text.BusFault_Handler) for BusFault_Handler
    startup_stm32f103xb.o(RESET) refers to stm32f1xx_it.o(.text.UsageFault_Handler) for UsageFault_Handler
    startup_stm32f103xb.o(RESET) refers to stm32f1xx_it.o(.text.SVC_Handler) for SVC_Handler
    startup_stm32f103xb.o(RESET) refers to stm32f1xx_it.o(.text.DebugMon_Handler) for DebugMon_Handler
    startup_stm32f103xb.o(RESET) refers to stm32f1xx_it.o(.text.PendSV_Handler) for PendSV_Handler
    startup_stm32f103xb.o(RESET) refers to stm32f1xx_it.o(.text.SysTick_Handler) for SysTick_Handler
    startup_stm32f103xb.o(RESET) refers to stm32f1xx_it.o(.text.TIM2_IRQHandler) for TIM2_IRQHandler
    startup_stm32f103xb.o(.text) refers (Special) to heapauxi.o(.text) for __use_two_region_memory
    startup_stm32f103xb.o(.text) refers to system_stm32f1xx.o(.text.SystemInit) for SystemInit
    startup_stm32f103xb.o(.text) refers to __main.o(!!!main) for __main
    startup_stm32f103xb.o(.text) refers to startup_stm32f103xb.o(HEAP) for Heap_Mem
    startup_stm32f103xb.o(.text) refers to startup_stm32f103xb.o(STACK) for Stack_Mem
    motor.o(.text.MotorSetDuty1) refers to tim.o(.bss.htim3) for htim3
    motor.o(.ARM.exidx.text.MotorSetDuty1) refers to motor.o(.text.MotorSetDuty1) for [Anonymous Symbol]
    motor.o(.text.MotorSetDuty2) refers to tim.o(.bss.htim3) for htim3
    motor.o(.ARM.exidx.text.MotorSetDuty2) refers to motor.o(.text.MotorSetDuty2) for [Anonymous Symbol]
    main.o(.text.MPU_Calibrate_On_Startup) refers to i2c.o(.bss.hi2c1) for hi2c1
    main.o(.text.MPU_Calibrate_On_Startup) refers to main.o(.bss.MPU) for MPU
    main.o(.text.MPU_Calibrate_On_Startup) refers to mpu6050.o(.text.MPU6050_Read_All) for MPU6050_Read_All
    main.o(.text.MPU_Calibrate_On_Startup) refers to stm32f1xx_hal.o(.text.HAL_Delay) for HAL_Delay
    main.o(.text.MPU_Calibrate_On_Startup) refers to daddsub_clz.o(x$fpl$dadd) for __aeabi_dadd
    main.o(.text.MPU_Calibrate_On_Startup) refers to stm32f1xx_hal_gpio.o(.text.HAL_GPIO_TogglePin) for HAL_GPIO_TogglePin
    main.o(.text.MPU_Calibrate_On_Startup) refers to ddiv.o(x$fpl$ddiv) for __aeabi_ddiv
    main.o(.text.MPU_Calibrate_On_Startup) refers to d2f.o(x$fpl$d2f) for __aeabi_d2f
    main.o(.text.MPU_Calibrate_On_Startup) refers to main.o(.bss..L_MergedGlobals) for .L_MergedGlobals
    main.o(.ARM.exidx.text.MPU_Calibrate_On_Startup) refers to main.o(.text.MPU_Calibrate_On_Startup) for [Anonymous Symbol]
    main.o(.text.main) refers to stm32f1xx_hal.o(.text.HAL_Init) for HAL_Init
    main.o(.text.main) refers to stm32f1xx_hal_rcc.o(.text.HAL_RCC_OscConfig) for HAL_RCC_OscConfig
    main.o(.text.main) refers to stm32f1xx_hal_rcc.o(.text.HAL_RCC_ClockConfig) for HAL_RCC_ClockConfig
    main.o(.text.main) refers to gpio.o(.text.MX_GPIO_Init) for MX_GPIO_Init
    main.o(.text.main) refers to tim.o(.text.MX_TIM3_Init) for MX_TIM3_Init
    main.o(.text.main) refers to tim.o(.text.MX_TIM2_Init) for MX_TIM2_Init
    main.o(.text.main) refers to i2c.o(.text.MX_I2C1_Init) for MX_I2C1_Init
    main.o(.text.main) refers to i2c.o(.text.MX_I2C2_Init) for MX_I2C2_Init
    main.o(.text.main) refers to tim.o(.bss.htim3) for htim3
    main.o(.text.main) refers to stm32f1xx_hal_tim.o(.text.HAL_TIM_PWM_Start) for HAL_TIM_PWM_Start
    main.o(.text.main) refers to balance_fis.o(.text.Balance_init) for Balance_init
    main.o(.text.main) refers to i2c.o(.bss.hi2c1) for hi2c1
    main.o(.text.main) refers to mpu6050.o(.text.MPU6050_Init) for MPU6050_Init
    main.o(.text.main) refers to stm32f1xx_hal.o(.text.HAL_Delay) for HAL_Delay
    main.o(.text.main) refers to main.o(.text.MPU_Calibrate_On_Startup) for MPU_Calibrate_On_Startup
    main.o(.text.main) refers to tim.o(.bss.htim2) for htim2
    main.o(.text.main) refers to stm32f1xx_hal_tim.o(.text.HAL_TIM_Base_Start_IT) for HAL_TIM_Base_Start_IT
    main.o(.text.main) refers to main.o(.bss.current) for current
[...]
    [Anonymous Symbol]                       0x08004b3c   Section        0  qfis.o(.text.qFIS_TLinSMF)
    qFIS_TLinZMF                             0x08004b59   Thumb Code    28  qfis.o(.text.qFIS_TLinZMF)
    [Anonymous Symbol]                       0x08004b58   Section        0  qfis.o(.text.qFIS_TLinZMF)
    qFIS_TSMF                                0x08004b75   Thumb Code   174  qfis.o(.text.qFIS_TSMF)
    [Anonymous Symbol]                       0x08004b74   Section        0  qfis.o(.text.qFIS_TSMF)
    qFIS_TSigMF                              0x08004c25   Thumb Code   122  qfis.o(.text.qFIS_TSigMF)
    [Anonymous Symbol]                       0x08004c24   Section        0  qfis.o(.text.qFIS_TSigMF)
    qFIS_TZMF                                0x08004ca1   Thumb Code   174  qfis.o(.text.qFIS_TZMF)
    [Anonymous Symbol]                       0x08004ca0   Section        0  qfis.o(.text.qFIS_TZMF)
    qFIS_TrapMF                              0x08004d51   Thumb Code   176  qfis.o(.text.qFIS_TrapMF)
    [Anonymous Symbol]                       0x08004d50   Section        0  qfis.o(.text.qFIS_TrapMF)
    qFIS_TriMF                               0x08004e01   Thumb Code   138  qfis.o(.text.qFIS_TriMF)
    [Anonymous Symbol]                       0x08004e00   Section        0  qfis.o(.text.qFIS_TriMF)
    qFIS_ZMF                                 0x08004e8d   Thumb Code   208  qfis.o(.text.qFIS_ZMF)
    [Anonymous Symbol]                       0x08004e8c   Section        0  qfis.o(.text.qFIS_ZMF)
    [Anonymous Symbol]                       0x08004f5c   Section        0  qfmathex.o(.text.qFMathEx_Equal)
    [Anonymous Symbol]                       0x08004f80   Section        0  qfmathex.o(.text.qFMathEx_InRangeCoerce)
    i.__ARM_fpclassify                       0x08004fba   Section        0  fpclassify.o(i.__ARM_fpclassify)
    i.__kernel_poly                          0x08004fe2   Section        0  poly.o(i.__kernel_poly)
    i.__mathlib_dbl_infnan                   0x0800508c   Section        0  dunder.o(i.__mathlib_dbl_infnan)
    i.__mathlib_dbl_infnan2                  0x08005092   Section        0  dunder.o(i.__mathlib_dbl_infnan2)
    i.__mathlib_dbl_underflow                0x08005098   Section        0  dunder.o(i.__mathlib_dbl_underflow)
    i.atan                                   0x080050a8   Section        0  atan.o(i.atan)
    i.atan2                                  0x080052c8   Section        0  atan2.o(i.atan2)
    i.sqrt                                   0x08005464   Section        0  sqrt.o(i.sqrt)
    x$fpl$d2f                                0x080054b0   Section       98  d2f.o(x$fpl$d2f)
    x$fpl$dadd                               0x08005514   Section      336  daddsub_clz.o(x$fpl$dadd)
    _dadd1                                   0x08005525   Thumb Code     0  daddsub_clz.o(x$fpl$dadd)
    x$fpl$dcheck1                            0x08005664   Section       16  dcheck1.o(x$fpl$dcheck1)
    x$fpl$dcmpinf                            0x08005674   Section       24  dcmpi.o(x$fpl$dcmpinf)
    x$fpl$ddiv                               0x0800568c   Section      692  ddiv.o(x$fpl$ddiv)
    ddiv_entry                               0x08005693   Thumb Code     0  ddiv.o(x$fpl$ddiv)
    x$fpl$deqf                               0x08005940   Section      120  deqf.o(x$fpl$deqf)
    x$fpl$dflt                               0x080059b8   Section       46  dflt_clz.o(x$fpl$dflt)
    x$fpl$dfltu                              0x080059e6   Section       38  dflt_clz.o(x$fpl$dfltu)
    x$fpl$dgeqf                              0x08005a0c   Section      120  dgeqf.o(x$fpl$dgeqf)
    x$fpl$dleqf                              0x08005a84   Section      120  dleqf.o(x$fpl$dleqf)
    x$fpl$dmul                               0x08005afc   Section      340  dmul.o(x$fpl$dmul)
    x$fpl$dnaninf                            0x08005c50   Section      156  dnaninf.o(x$fpl$dnaninf)
    x$fpl$dretinf                            0x08005cec   Section       12  dretinf.o(x$fpl$dretinf)
    x$fpl$drsb                               0x08005cf8   Section       22  daddsub_clz.o(x$fpl$drsb)
    x$fpl$dsqrt                              0x08005d10   Section      460  dsqrt_noumaal.o(x$fpl$dsqrt)
    x$fpl$dsub                               0x08005edc   Section      476  daddsub_clz.o(x$fpl$dsub)
    _dsub1                                   0x08005eed   Thumb Code     0  daddsub_clz.o(x$fpl$dsub)
    x$fpl$f2d                                0x080060b8   Section       86  f2d.o(x$fpl$f2d)
    x$fpl$fadd                               0x08006110   Section      196  faddsub_clz.o(x$fpl$fadd)
    _fadd1                                   0x0800611f   Thumb Code     0  faddsub_clz.o(x$fpl$fadd)
    x$fpl$fcmp                               0x080061d4   Section       84  dcmp.o(x$fpl$fcmp)
    x$fpl$fcmp                               0x08006228   Section       84  fcmp.o(x$fpl$fcmp)
    x$fpl$fcmpinf                            0x0800627c   Section       24  fcmpi.o(x$fpl$fcmpinf)
    _fdiv1                                   0x08006295   Thumb Code     0  fdiv.o(x$fpl$fdiv)
    x$fpl$fdiv                               0x08006294   Section      388  fdiv.o(x$fpl$fdiv)
    x$fpl$feqf                               0x08006418   Section      104  feqf.o(x$fpl$feqf)
    x$fpl$ffix                               0x08006480   Section       54  ffix.o(x$fpl$ffix)
    x$fpl$ffixu                              0x080064b8   Section       62  ffixu.o(x$fpl$ffixu)
    x$fpl$fflt                               0x080064f8   Section       48  fflt_clz.o(x$fpl$fflt)
    x$fpl$ffltu                              0x08006528   Section       38  fflt_clz.o(x$fpl$ffltu)
    x$fpl$fgeqf                              0x08006550   Section      104  fgeqf.o(x$fpl$fgeqf)
    x$fpl$fleqf                              0x080065b8   Section      104  fleqf.o(x$fpl$fleqf)
    x$fpl$fmul                               0x08006620   Section      258  fmul.o(x$fpl$fmul)
    x$fpl$fnaninf                            0x08006722   Section      140  fnaninf.o(x$fpl$fnaninf)
    x$fpl$fretinf                            0x080067ae   Section       10  fretinf.o(x$fpl$fretinf)
    x$fpl$fsub                               0x080067b8   Section      234  faddsub_clz.o(x$fpl$fsub)
    _fsub1                                   0x080067c7   Thumb Code     0  faddsub_clz.o(x$fpl$fsub)
    x$fpl$retnan                             0x080068a2   Section      100  retnan.o(x$fpl$retnan)
    x$fpl$scalbn                             0x08006906   Section       92  scalbn.o(x$fpl$scalbn)
    x$fpl$trapveneer                         0x08006962   Section       48  trapv.o(x$fpl$trapveneer)
    x$fpl$usenofp                            0x08006992   Section        0  usenofp.o(x$fpl$usenofp)
    atanhi                                   0x08006998   Data          32  atan.o(.constdata)
    .constdata                               0x08006998   Section      152  atan.o(.constdata)
    atanlo                                   0x080069b8   Data          32  atan.o(.constdata)
    aTodd                                    0x080069d8   Data          40  atan.o(.constdata)
    aTeven                                   0x08006a00   Data          48  atan.o(.constdata)
    .constdata                               0x08006a30   Section        8  qnan.o(.constdata)
    HAL_RCC_GetSysClockFreq.aPredivFactorTable 0x08006a50   Data           2  stm32f1xx_hal_rcc.o(.rodata.HAL_RCC_GetSysClockFreq.aPredivFactorTable)
    [Anonymous Symbol]                       0x08006a50   Section        0  stm32f1xx_hal_rcc.o(.rodata.HAL_RCC_GetSysClockFreq.aPredivFactorTable)
    HAL_RCC_GetSysClockFreq.aPLLMULFactorTable 0x08006a52   Data          16  stm32f1xx_hal_rcc.o(.rodata.cst16)
    [Anonymous Symbol]                       0x08006a52   Section        0  stm32f1xx_hal_rcc.o(.rodata.cst16)
    e_NB_p                                   0x08006a64   Data          16  balance_fis.o(.rodata.e_NB_p)
    [Anonymous Symbol]                       0x08006a64   Section        0  balance_fis.o(.rodata.e_NB_p)
    e_NS_p                                   0x08006a74   Data          16  balance_fis.o(.rodata.e_NS_p)
    [Anonymous Symbol]                       0x08006a74   Section        0  balance_fis.o(.rodata.e_NS_p)
    e_PB_p                                   0x08006a84   Data          16  balance_fis.o(.rodata.e_PB_p)
    [Anonymous Symbol]                       0x08006a84   Section        0  balance_fis.o(.rodata.e_PB_p)
    e_PS_p                                   0x08006a94   Data          16  balance_fis.o(.rodata.e_PS_p)
    [Anonymous Symbol]                       0x08006a94   Section        0  balance_fis.o(.rodata.e_PS_p)
    e_ZE_p                                   0x08006aa4   Data          16  balance_fis.o(.rodata.e_ZE_p)
    [Anonymous Symbol]                       0x08006aa4   Section        0  balance_fis.o(.rodata.e_ZE_p)
    edot_NB_p                                0x08006ab4   Data          12  balance_fis.o(.rodata.edot_NB_p)
    [Anonymous Symbol]                       0x08006ab4   Section        0  balance_fis.o(.rodata.edot_NB_p)
    edot_NS_p                                0x08006ac0   Data          12  balance_fis.o(.rodata.edot_NS_p)
    [Anonymous Symbol]                       0x08006ac0   Section        0  balance_fis.o(.rodata.edot_NS_p)
    edot_PB_p                                0x08006acc   Data          12  balance_fis.o(.rodata.edot_PB_p)
    [Anonymous Symbol]                       0x08006acc   Section        0  balance_fis.o(.rodata.edot_PB_p)
    edot_PS_p                                0x08006ad8   Data          12  balance_fis.o(.rodata.edot_PS_p)
    [Anonymous Symbol]                       0x08006ad8   Section        0  balance_fis.o(.rodata.edot_PS_p)
    edot_ZE_p                                0x08006ae4   Data          16  balance_fis.o(.rodata.edot_ZE_p)
    [Anonymous Symbol]                       0x08006ae4   Section        0  balance_fis.o(.rodata.edot_ZE_p)
    qFIS_SetMF.fShape                        0x08006af4   Data         108  qfis.o(.rodata.qFIS_SetMF.fShape)
    [Anonymous Symbol]                       0x08006af4   Section        0  qfis.o(.rodata.qFIS_SetMF.fShape)
    qFIS_SetParameter.method                 0x08006b60   Data          20  qfis.o(.rodata.qFIS_SetParameter.method)
    [Anonymous Symbol]                       0x08006b60   Section        0  qfis.o(.rodata.qFIS_SetParameter.method)
    rules                                    0x08006b74   Data         404  balance_fis.o(.rodata.rules)
    [Anonymous Symbol]                       0x08006b74   Section        0  balance_fis.o(.rodata.rules)
    u_NB_p                                   0x08006d08   Data           4  balance_fis.o(.rodata.u_NB_p)
    [Anonymous Symbol]                       0x08006d08   Section        0  balance_fis.o(.rodata.u_NB_p)
    u_NM_p                                   0x08006d0c   Data           4  balance_fis.o(.rodata.u_NM_p)
    [Anonymous Symbol]                       0x08006d0c   Section        0  balance_fis.o(.rodata.u_NM_p)
    u_NS_p                                   0x08006d10   Data           4  balance_fis.o(.rodata.u_NS_p)
    [Anonymous Symbol]                       0x08006d10   Section        0  balance_fis.o(.rodata.u_NS_p)
    u_PB_p                                   0x08006d14   Data           4  balance_fis.o(.rodata.u_PB_p)
    [Anonymous Symbol]                       0x08006d14   Section        0  balance_fis.o(.rodata.u_PB_p)
    u_PM_p                                   0x08006d18   Data           4  balance_fis.o(.rodata.u_PM_p)
    [Anonymous Symbol]                       0x08006d18   Section        0  balance_fis.o(.rodata.u_PM_p)
    u_PS_p                                   0x08006d1c   Data           4  balance_fis.o(.rodata.u_PS_p)
    [Anonymous Symbol]                       0x08006d1c   Section        0  balance_fis.o(.rodata.u_PS_p)
    u_ZE_p                                   0x08006d20   Data           4  balance_fis.o(.rodata.u_ZE_p)
    [Anonymous Symbol]                       0x08006d20   Section        0  balance_fis.o(.rodata.u_ZE_p)
    .L_MergedGlobals                         0x20000000   Data           8  stm32f1xx_hal.o(.data..L_MergedGlobals)
    [Anonymous Symbol]                       0x20000000   Section        0  stm32f1xx_hal.o(.data..L_MergedGlobals)
    .bss                                     0x20000058   Section       96  libspace.o(.bss)
    .L_MergedGlobals                         0x200000b8   Data          24  main.o(.bss..L_MergedGlobals)
    [Anonymous Symbol]                       0x200000b8   Section        0  main.o(.bss..L_MergedGlobals)
    .L_MergedGlobals                         0x200000d0   Data          76  balance_fis.o(.bss..L_MergedGlobals)
    Balance_inputs                           0x200000d0   Data          24  balance_fis.o(.bss..L_MergedGlobals)
    [Anonymous Symbol]                       0x200000d0   Section        0  balance_fis.o(.bss..L_MergedGlobals)
    Balance_outputs                          0x200000e8   Data          52  balance_fis.o(.bss..L_MergedGlobals)
    .L_MergedGlobals                         0x20000120   Data          16  qffmath.o(.bss..L_MergedGlobals)
    _qFFMath_GetAbnormal.init                0x20000120   Data           1  qffmath.o(.bss..L_MergedGlobals)
    [Anonymous Symbol]                       0x20000120   Section        0  qffmath.o(.bss..L_MergedGlobals)
    _qFFMath_GetAbnormal.f_ab                0x20000128   Data           8  qffmath.o(.bss..L_MergedGlobals)
    Balance                                  0x20000130   Data          96  balance_fis.o(.bss.Balance)
    [Anonymous Symbol]                       0x20000130   Section        0  balance_fis.o(.bss.Balance)
    MFin                                     0x20000190   Data         200  balance_fis.o(.bss.MFin)
    [Anonymous Symbol]                       0x20000190   Section        0  balance_fis.o(.bss.MFin)
    MFout                                    0x20000258   Data         140  balance_fis.o(.bss.MFout)
    [Anonymous Symbol]                       0x20000258   Section        0  balance_fis.o(.bss.MFout)
    Heap_Mem                                 0x200004f8   Data         512  startup_stm32f103xb.o(HEAP)
    HEAP                                     0x200004f8   Section      512  startup_stm32f103xb.o(HEAP)
    Stack_Mem                                0x200006f8   Data        1024  startup_stm32f103xb.o(STACK)
    STACK                                    0x200006f8   Section     1024  startup_stm32f103xb.o(STACK)
    __initial_sp                             0x20000af8   Data           0  startup_stm32f103xb.o(STACK)

    Global Symbols

    Symbol Name                              Value     Ov Type        Size  Object(Section)

    BuildAttributes$$THM_ISAv4$P$D$K$B$S$PE$A:L22UL41UL21$X:L11$S22US41US21$IEEE1$IW$~IW$USESV6$~STKCKD$USESV7$~SHL$OTIME$ROPI$IEEEX$EBA8$UX$STANDARDLIB$REQ8$PRES8$EABIv2 0x00000000   Number         0  anon$$obj.o ABSOLUTE
    __fp_init_empty                          0x00000000   Number         0  fpinit_empty.o ABSOLUTE
    __ARM_exceptions_init                     - Undefined Weak Reference
    __alloca_initialize                       - Undefined Weak Reference
    __arm_preinit_                            - Undefined Weak Reference
    __arm_relocate_pie_                       - Undefined Weak Reference
    __cpp_initialize__aeabi_                  - Undefined Weak Reference
    __cxa_finalize                            - Undefined Weak Reference
    __rt_locale                               - Undefined Weak Reference
    __sigvec_lookup                           - Undefined Weak Reference
    _atexit_init                              - Undefined Weak Reference
    _call_atexit_fns                          - Undefined Weak Reference
    _clock_init                               - Undefined Weak Reference
    _fp_trap_init                             - Undefined Weak Reference
    _fp_trap_shutdown                         - Undefined Weak Reference
    _get_lc_collate                           - Undefined Weak Reference
    _get_lc_ctype                             - Undefined Weak Reference
    _get_lc_monetary                          - Undefined Weak Reference
    _get_lc_numeric                           - Undefined Weak Reference
    _get_lc_time                              - Undefined Weak Reference
    _getenv_init                              - Undefined Weak Reference
    _handle_redirection                       - Undefined Weak Reference
    _init_alloc                               - Undefined Weak Reference
    _init_user_alloc                          - Undefined Weak Reference
    _initio                                   - Undefined Weak Reference
    _rand_init                                - Undefined Weak Reference
    _signal_finish                            - Undefined Weak Reference
    _signal_init                              - Undefined Weak Reference
    _terminate_alloc                          - Undefined Weak Reference
    _terminate_user_alloc                     - Undefined Weak Reference
    _terminateio                              - Undefined Weak Reference
    __Vectors_Size                           0x000000ec   Number         0  startup_stm32f103xb.o ABSOLUTE
    __Vectors                                0x08000000   Data           4  startup_stm32f103xb.o(RESET)
    __Vectors_End                            0x080000ec   Data           0  startup_stm32f103xb.o(RESET)
    __main                                   0x080000ed   Thumb Code     8  __main.o(!!!main)
    __scatterload                            0x080000f5   Thumb Code     0  __scatter.o(!!!scatter)
    __scatterload_rt2                        0x080000f5   Thumb Code    44  __scatter.o(!!!scatter)
    __scatterload_rt2_thumb_only             0x080000f5   Thumb Code     0  __scatter.o(!!!scatter)
    __scatterload_null                       0x08000103   Thumb Code     0  __scatter.o(!!!scatter)
    __scatterload_copy                       0x08000129   Thumb Code    26  __scatter_copy.o(!!handler_copy)
    __scatterload_zeroinit                   0x08000145   Thumb Code    28  __scatter_zi.o(!!handler_zi)
    __rt_lib_init                            0x08000161   Thumb Code     0  libinit.o(.ARM.Collect$$libinit$$00000000)
    __rt_lib_init_alloca_1                   0x08000163   Thumb Code     0  libinit2.o(.ARM.Collect$$libinit$$00000030)
    __rt_lib_init_argv_1                     0x08000163   Thumb Code     0  libinit2.o(.ARM.Collect$$libinit$$0000002E)
    __rt_lib_init_atexit_1                   0x08000163   Thumb Code     0  libinit2.o(.ARM.Collect$$libinit$$0000001D)
    __rt_lib_init_clock_1                    0x08000163   Thumb Code     0  libinit2.o(.ARM.Collect$$libinit$$00000023)
    __rt_lib_init_cpp_1                      0x08000163   Thumb Code     0  libinit2.o(.ARM.Collect$$libinit$$00000034)
    __rt_lib_init_exceptions_1               0x08000163   Thumb Code     0  libinit2.o(.ARM.Collect$$libinit$$00000032)
    __rt_lib_init_fp_1                       0x08000163   Thumb Code     0  libinit2.o(.ARM.Collect$$libinit$$00000002)
    __rt_lib_init_fp_trap_1                  0x08000163   Thumb Code     0  libinit2.o(.ARM.Collect$$libinit$$00000021)
    __rt_lib_init_getenv_1                   0x08000163   Thumb Code     0  libinit2.o(.ARM.Collect$$libinit$$00000025)
    __rt_lib_init_heap_1                     0x08000163   Thumb Code     0  libinit2.o(.ARM.Collect$$libinit$$0000000C)
    __rt_lib_init_lc_collate_1               0x08000163   Thumb Code     0  libinit2.o(.ARM.Collect$$libinit$$00000013)
    __rt_lib_init_lc_ctype_1                 0x08000163   Thumb Code     0  libinit2.o(.ARM.Collect$$libinit$$00000015)
    __rt_lib_init_lc_monetary_1              0x08000163   Thumb Code     0  libinit2.o(.ARM.Collect$$libinit$$00000017)
    __rt_lib_init_lc_numeric_1               0x08000163   Thumb Code     0  libinit2.o(.ARM.Collect$$libinit$$00000019)
    __rt_lib_init_lc_time_1                  0x08000163   Thumb Code     0  libinit2.o(.ARM.Collect$$libinit$$0000001B)
    __rt_lib_init_preinit_1                  0x08000163   Thumb Code     0  libinit2.o(.ARM.Collect$$libinit$$00000006)
    __rt_lib_init_rand_1                     0x08000163   Thumb Code     0  libinit2.o(.ARM.Collect$$libinit$$00000010)
    __rt_lib_init_relocate_pie_1             0x08000163   Thumb Code     0  libinit2.o(.ARM.Collect$$libinit$$00000004)
    __rt_lib_init_return                     0x08000163   Thumb Code     0  libinit2.o(.ARM.Collect$$libinit$$00000035)
    __rt_lib_init_signal_1                   0x08000163   Thumb Code     0  libinit2.o(.ARM.Collect$$libinit$$0000001F)
    __rt_lib_init_stdio_1                    0x08000163   Thumb Code     0  libinit2.o(.ARM.Collect$$libinit$$00000027)
    __rt_lib_init_user_alloc_1               0x08000163   Thumb Code     0  libinit2.o(.ARM.Collect$$libinit$$0000000E)
    __rt_lib_shutdown                        0x08000165   Thumb Code     0  libshutdown.o(.ARM.Collect$$libshutdown$$00000000)
    __rt_lib_shutdown_cpp_1                  0x08000167   Thumb Code     0  libshutdown2.o(.ARM.Collect$$libshutdown$$00000002)
    __rt_lib_shutdown_fp_trap_1              0x08000167   Thumb Code     0  libshutdown2.o(.ARM.Collect$$libshutdown$$00000007)
    __rt_lib_shutdown_heap_1                 0x08000167   Thumb Code     0  libshutdown2.o(.ARM.Collect$$libshutdown$$0000000F)
    __rt_lib_shutdown_return                 0x08000167   Thumb Code     0  libshutdown2.o(.ARM.Collect$$libshutdown$$00000010)
    __rt_lib_shutdown_signal_1               0x08000167   Thumb Code     0  libshutdown2.o(.ARM.Collect$$libshutdown$$0000000A)
    __rt_lib_shutdown_stdio_1                0x08000167   Thumb Code     0  libshutdown2.o(.ARM.Collect$$libshutdown$$00000004)
    __rt_lib_shutdown_user_alloc_1           0x08000167   Thumb Code     0  libshutdown2.o(.ARM.Collect$$libshutdown$$0000000C)
    __rt_entry                               0x08000169   Thumb Code     0  __rtentry.o(.ARM.Collect$$rtentry$$00000000)
    __rt_entry_presh_1                       0x08000169   Thumb Code     0  __rtentry2.o(.ARM.Collect$$rtentry$$00000002)
    __rt_entry_sh                            0x08000169   Thumb Code     0  __rtentry4.o(.ARM.Collect$$rtentry$$00000004)
    __rt_entry_li                            0x0800016f   Thumb Code     0  __rtentry2.o(.ARM.Collect$$rtentry$$0000000A)
    __rt_entry_postsh_1                      0x0800016f   Thumb Code     0  __rtentry2.o(.ARM.Collect$$rtentry$$00000009)
    __rt_entry_main                          0x08000173   Thumb Code     0  __rtentry2.o(.ARM.Collect$$rtentry$$0000000D)
    __rt_entry_postli_1                      0x08000173   Thumb Code     0  __rtentry2.o(.ARM.Collect$$rtentry$$0000000C)
    __rt_exit                                0x0800017b   Thumb Code     0  rtexit.o(.ARM.Collect$$rtexit$$00000000)
    __rt_exit_ls                             0x0800017d   Thumb Code     0  rtexit2.o(.ARM.Collect$$rtexit$$00000003)
    __rt_exit_prels_1                        0x0800017d   Thumb Code     0  rtexit2.o(.ARM.Collect$$rtexit$$00000002)
    __rt_exit_exit                           0x08000181   Thumb Code     0  rtexit2.o(.ARM.Collect$$rtexit$$00000004)
    Reset_Handler                            0x08000189   Thumb Code     8  startup_stm32f103xb.o(.text)
    ADC1_2_IRQHandler                        0x080001a3   Thumb Code     0  startup_stm32f103xb.o(.text)
    CAN1_RX1_IRQHandler                      0x080001a3   Thumb Code     0  startup_stm32f103xb.o(.text)
    CAN1_SCE_IRQHandler                      0x080001a3   Thumb Code     0  startup_stm32f103xb.o(.text)
    DMA1_Channel1_IRQHandler                 0x080001a3   Thumb Code     0  startup_stm32f103xb.o(.text)
    DMA1_Channel2_IRQHandler                 0x080001a3   Thumb Code     0  startup_stm32f103xb.o(.text)
    DMA1_Channel3_IRQHandler                 0x080001a3   Thumb Code     0  startup_stm32f103xb.o(.text)
    DMA1_Channel4_IRQHandler                 0x080001a3   Thumb Code     0  startup_stm32f103xb.o(.text)
    DMA1_Channel5_IRQHandler                 0x080001a3   Thumb Code     0  startup_stm32f103xb.o(.text)
    DMA1_Channel6_IRQHandler                 0x080001a3   Thumb Code     0  startup_stm32f103xb.o(.text)
    DMA1_Channel7_IRQHandler                 0x080001a3   Thumb Code     0  startup_stm32f103xb.o(.text)
    EXTI0_IRQHandler                         0x080001a3   Thumb Code     0  startup_stm32f103xb.o(.text)
    EXTI15_10_IRQHandler                     0x080001a3   Thumb Code     0  startup_stm32f103xb.o(.text)
    EXTI1_IRQHandler                         0x080001a3   Thumb Code     0  startup_stm32f103xb.o(.text)
    EXTI2_IRQHandler                         0x080001a3   Thumb Code     0  startup_stm32f103xb.o(.text)
    EXTI3_IRQHandler                         0x080001a3   Thumb Code     0  startup_stm32f103xb.o(.text)
    EXTI4_IRQHandler                         0x080001a3   Thumb Code     0  startup_stm32f103xb.o(.text)
    EXTI9_5_IRQHandler                       0x080001a3   Thumb Code     0  startup_stm32f103xb.o(.text)
    FLASH_IRQHandler                         0x080001a3   Thumb Code     0  startup_stm32f103xb.o(.text)
    I2C1_ER_IRQHandler                       0x080001a3   Thumb Code     0  startup_stm32f103xb.o(.text)
    I2C1_EV_IRQHandler                       0x080001a3   Thumb Code     0  startup_stm32f103xb.o(.text)
    I2C2_ER_IRQHandler                       0x080001a3   Thumb Code     0  startup_stm32f103xb.o(.text)
    I2C2_EV_IRQHandler                       0x080001a3   Thumb Code     0  startup_stm32f103xb.o(.text)
    PVD_IRQHandler                           0x080001a3   Thumb Code     0  startup_stm32f103xb.o(.text)
    RCC_IRQHandler                           0x080001a3   Thumb Code     0  startup_stm32f103xb.o(.text)
    RTC_Alarm_IRQHandler                     0x080001a3   Thumb Code     0  startup_stm32f103xb.o(.text)
    RTC_IRQHandler                           0x080001a3   Thumb Code     0  startup_stm32f103xb.o(.text)
    SPI1_IRQHandler                          0x080001a3   Thumb Code     0  startup_stm32f103xb.o(.text)
    SPI2_IRQHandler                          0x080001a3   Thumb Code     0  startup_stm32f103xb.o(.text)
    TAMPER_IRQHandler                        0x080001a3   Thumb Code     0  startup_stm32f103xb.o(.text)
    TIM1_BRK_IRQHandler                      0x080001a3   Thumb Code     0  startup_stm32f103xb.o(.text)
    TIM1_CC_IRQHandler                       0x080001a3   Thumb Code     0  startup_stm32f103xb.o(.text)
    TIM1_TRG_COM_IRQHandler                  0x080001a3   Thumb Code     0  startup_stm32f103xb.o(.text)
    TIM1_UP_IRQHandler                       0x080001a3   Thumb Code     0  startup_stm32f103xb.o(.text)
    TIM3_IRQHandler                          0x080001a3   Thumb Code     0  startup_stm32f103xb.o(.text)
    TIM4_IRQHandler                          0x080001a3   Thumb Code     0  startup_stm32f103xb.o(.text)
    USART1_IRQHandler                        0x080001a3   Thumb Code     0  startup_stm32f103xb.o(.text)
    USART2_IRQHandler                        0x080001a3   Thumb Code     0  startup_stm32f103xb.o(.text)
    USART3_IRQHandler                        0x080001a3   Thumb Code     0  startup_stm32f103xb.o(.text)
    USBWakeUp_IRQHandler                     0x080001a3   Thumb Code     0  startup_stm32f103xb.o(.text)
    USB_HP_CAN1_TX_IRQHandler                0x080001a3   Thumb Code     0  startup_stm32f103xb.o(.text)
    USB_LP_CAN1_RX0_IRQHandler               0x080001a3   Thumb Code     0  startup_stm32f103xb.o(.text)
    WWDG_IRQHandler                          0x080001a3   Thumb Code     0  startup_stm32f103xb.o(.text)
    __user_initial_stackheap                 0x080001a5   Thumb Code     0  startup_stm32f103xb.o(.text)
    __use_two_region_memory                  0x080001c9   Thumb Code     2  heapauxi.o(.text)
    __rt_heap_escrow$2region                 0x080001cb   Thumb Code     2  heapauxi.o(.text)
    __rt_heap_expand$2region                 0x080001cd   Thumb Code     2  heapauxi.o(.text)
    __read_errno                             0x080001cf   Thumb Code    10  _rserrno.o(.text)
    __set_errno                              0x080001d9   Thumb Code    12  _rserrno.o(.text)
    __aeabi_errno_addr                       0x080001e5   Thumb Code     8  rt_errno_addr_intlibspace.o(.text)
    __errno$intlibspace                      0x080001e5   Thumb Code     0  rt_errno_addr_intlibspace.o(.text)
    __rt_errno_addr$intlibspace              0x080001e5   Thumb Code     0  rt_errno_addr_intlibspace.o(.text)
    __user_libspace                          0x080001ed   Thumb Code     8  libspace.o(.text)
    __user_perproc_libspace                  0x080001ed   Thumb Code     0  libspace.o(.text)
    __user_perthread_libspace                0x080001ed   Thumb Code     0  libspace.o(.text)
    __user_setup_stackheap                   0x080001f5   Thumb Code    74  sys_stackheap_outer.o(.text)
    exit                                     0x0800023f   Thumb Code    18  exit.o(.text)
    _sys_exit                                0x08000251   Thumb Code     8  sys_exit.o(.text)
    __I$use$semihosting                      0x0800025d   Thumb Code     0  use_no_semi.o(.text)
    __use_no_semihosting_swi                 0x0800025d   Thumb Code     2  use_no_semi.o(.text)
    __semihosting_library_function           0x0800025f   Thumb Code     0  indicate_semi.o(.text)
    Balance_init                             0x08000261   Thumb Code   646  balance_fis.o(.text.Balance_init)
    Balance_run                              0x080004e9   Thumb Code    84  balance_fis.o(.text.Balance_run)
    BusFault_Handler                         0x0800053d   Thumb Code     2  stm32f1xx_it.o(.text.BusFault_Handler)
    DebugMon_Handler                         0x08000541   Thumb Code     2  stm32f1xx_it.o(.text.DebugMon_Handler)
    Error_Handler                            0x08000545   Thumb Code    10  main.o(.text.Error_Handler)
    HAL_Delay                                0x08000551   Thumb Code    40  stm32f1xx_hal.o(.text.HAL_Delay)
    HAL_GPIO_Init                            0x08000579   Thumb Code   538  stm32f1xx_hal_gpio.o(.text.HAL_GPIO_Init)
    HAL_GPIO_TogglePin                       0x08000795   Thumb Code    16  stm32f1xx_hal_gpio.o(.text.HAL_GPIO_TogglePin)
    HAL_GetTick                              0x080007a5   Thumb Code    12  stm32f1xx_hal.o(.text.HAL_GetTick)
    HAL_I2C_Init                             0x080007b1   Thumb Code   374  stm32f1xx_hal_i2c.o(.text.HAL_I2C_Init)
    HAL_I2C_Mem_Read                         0x08000929   Thumb Code   862  stm32f1xx_hal_i2c.o(.text.HAL_I2C_Mem_Read)
    HAL_I2C_Mem_Write                        0x08000c89   Thumb Code   344  stm32f1xx_hal_i2c.o(.text.HAL_I2C_Mem_Write)
    HAL_I2C_MspInit                          0x08000de1   Thumb Code   212  i2c.o(.text.HAL_I2C_MspInit)
    HAL_IncTick                              0x08000eb5   Thumb Code    26  stm32f1xx_hal.o(.text.HAL_IncTick)
    HAL_Init                                 0x08000ed1   Thumb Code    38  stm32f1xx_hal.o(.text.HAL_Init)
    HAL_InitTick                             0x08000ef9   Thumb Code    72  stm32f1xx_hal.o(.text.HAL_InitTick)
    HAL_MspInit                              0x08000f41   Thumb Code    66  stm32f1xx_hal_msp.o(.text.HAL_MspInit)
    HAL_NVIC_EnableIRQ                       0x08000f85   Thumb Code    38  stm32f1xx_hal_cortex.o(.text.HAL_NVIC_EnableIRQ)
    HAL_NVIC_SetPriority                     0x08000fad   Thumb Code    86  stm32f1xx_hal_cortex.o(.text.HAL_NVIC_SetPriority)
    HAL_NVIC_SetPriorityGrouping             0x08001005   Thumb Code    32  stm32f1xx_hal_cortex.o(.text.HAL_NVIC_SetPriorityGrouping)
    HAL_RCC_ClockConfig                      0x08001025   Thumb Code   446  stm32f1xx_hal_rcc.o(.text.HAL_RCC_ClockConfig)
    HAL_RCC_GetPCLK1Freq                     0x080011e5   Thumb Code    38  stm32f1xx_hal_rcc.o(.text.HAL_RCC_GetPCLK1Freq)
    HAL_RCC_OscConfig                        0x0800120d   Thumb Code   948  stm32f1xx_hal_rcc.o(.text.HAL_RCC_OscConfig)
    HAL_SYSTICK_Config                       0x080015c1   Thumb Code    44  stm32f1xx_hal_cortex.o(.text.HAL_SYSTICK_Config)
    HAL_TIMEx_BreakCallback                  0x080015ed   Thumb Code     2  stm32f1xx_hal_tim_ex.o(.text.HAL_TIMEx_BreakCallback)
    HAL_TIMEx_CommutCallback                 0x080015f1   Thumb Code     2  stm32f1xx_hal_tim_ex.o(.text.HAL_TIMEx_CommutCallback)
    HAL_TIMEx_MasterConfigSynchronization    0x080015f5   Thumb Code   122  stm32f1xx_hal_tim_ex.o(.text.HAL_TIMEx_MasterConfigSynchronization)
    HAL_TIM_Base_Init                        0x08001671   Thumb Code   250  stm32f1xx_hal_tim.o(.text.HAL_TIM_Base_Init)
    HAL_TIM_Base_MspInit                     0x0800176d   Thumb Code    64  tim.o(.text.HAL_TIM_Base_MspInit)
    HAL_TIM_Base_Start_IT                    0x080017ad   Thumb Code   110  stm32f1xx_hal_tim.o(.text.HAL_TIM_Base_Start_IT)
    HAL_TIM_ConfigClockSource                0x0800181d   Thumb Code   412  stm32f1xx_hal_tim.o(.text.HAL_TIM_ConfigClockSource)
    HAL_TIM_IC_CaptureCallback               0x080019b9   Thumb Code     2  stm32f1xx_hal_tim.o(.text.HAL_TIM_IC_CaptureCallback)
    HAL_TIM_IRQHandler                       0x080019bd   Thumb Code   334  stm32f1xx_hal_tim.o(.text.HAL_TIM_IRQHandler)
    HAL_TIM_OC_DelayElapsedCallback          0x08001b0d   Thumb Code     2  stm32f1xx_hal_tim.o(.text.HAL_TIM_OC_DelayElapsedCallback)
    HAL_TIM_PWM_ConfigChannel                0x08001b11   Thumb Code   524  stm32f1xx_hal_tim.o(.text.HAL_TIM_PWM_ConfigChannel)
    HAL_TIM_PWM_Init                         0x08001d1d   Thumb Code   250  stm32f1xx_hal_tim.o(.text.HAL_TIM_PWM_Init)
    HAL_TIM_PWM_MspInit                      0x08001e19   Thumb Code    50  tim.o(.text.HAL_TIM_PWM_MspInit)
    HAL_TIM_PWM_PulseFinishedCallback        0x08001e4d   Thumb Code     2  stm32f1xx_hal_tim.o(.text.HAL_TIM_PWM_PulseFinishedCallback)
    HAL_TIM_PWM_Start                        0x08001e51   Thumb Code   222  stm32f1xx_hal_tim.o(.text.HAL_TIM_PWM_Start)
    HAL_TIM_PeriodElapsedCallback            0x08001f31   Thumb Code   226  main.o(.text.HAL_TIM_PeriodElapsedCallback)
    HAL_TIM_TriggerCallback                  0x08002015   Thumb Code     2  stm32f1xx_hal_tim.o(.text.HAL_TIM_TriggerCallback)
    HardFault_Handler                        0x08002019   Thumb Code     2  stm32f1xx_it.o(.text.HardFault_Handler)
    MPU6050_Init                             0x080026c1   Thumb Code   150  mpu6050.o(.text.MPU6050_Init)
    MPU6050_Read_All                         0x08002759   Thumb Code  1324  mpu6050.o(.text.MPU6050_Read_All)
    MPU_Calibrate_On_Startup                 0x08002c85   Thumb Code   150  main.o(.text.MPU_Calibrate_On_Startup)
    MX_GPIO_Init                             0x08002d1d   Thumb Code    68  gpio.o(.text.MX_GPIO_Init)
    MX_I2C1_Init                             0x08002d61   Thumb Code    66  i2c.o(.text.MX_I2C1_Init)
    MX_I2C2_Init                             0x08002da5   Thumb Code    66  i2c.o(.text.MX_I2C2_Init)
    MX_TIM2_Init                             0x08002de9   Thumb Code   112  tim.o(.text.MX_TIM2_Init)
    MX_TIM3_Init                             0x08002e59   Thumb Code   300  tim.o(.text.MX_TIM3_Init)
    MemManage_Handler                        0x08002f85   Thumb Code     2  stm32f1xx_it.o(.text.MemManage_Handler)
    MotorSetDuty1                            0x08002f89   Thumb Code    62  motor.o(.text.MotorSetDuty1)
    MotorSetDuty2                            0x08002fc9   Thumb Code    50  motor.o(.text.MotorSetDuty2)
    NMI_Handler                              0x08002ffd   Thumb Code     2  stm32f1xx_it.o(.text.NMI_Handler)
    PendSV_Handler                           0x08003001   Thumb Code     2  stm32f1xx_it.o(.text.PendSV_Handler)
    SVC_Handler                              0x08003005   Thumb Code     2  stm32f1xx_it.o(.text.SVC_Handler)
    SysTick_Handler                          0x08003009   Thumb Code     4  stm32f1xx_it.o(.text.SysTick_Handler)
    SystemInit                               0x0800300d   Thumb Code     2  system_stm32f1xx.o(.text.SystemInit)
    TIM2_IRQHandler                          0x08003011   Thumb Code    12  stm32f1xx_it.o(.text.TIM2_IRQHandler)
    UsageFault_Handler                       0x0800301d   Thumb Code     2  stm32f1xx_it.o(.text.UsageFault_Handler)
    main                                     0x08003021   Thumb Code   214  main.o(.text.main)
    qFFMath_Abs                              0x080030f9   Thumb Code     6  qffmath.o(.text.qFFMath_Abs)
    qFFMath_Cos                              0x08003101   Thumb Code   120  qffmath.o(.text.qFFMath_Cos)
    qFFMath_Exp                              0x08003179   Thumb Code   178  qffmath.o(.text.qFFMath_Exp)
    qFFMath_IsNaN                            0x0800322d   Thumb Code    16  qffmath.o(.text.qFFMath_IsNaN)
    qFFMath_Log                              0x0800323d   Thumb Code   226  qffmath.o(.text.qFFMath_Log)
    qFFMath_Pow                              0x08003321   Thumb Code   346  qffmath.o(.text.qFFMath_Pow)
    qFFMath_Sqrt                             0x0800347d   Thumb Code   100  qffmath.o(.text.qFFMath_Sqrt)
    qFIS_DeFuzzify                           0x08003a05   Thumb Code   932  qfis.o(.text.qFIS_DeFuzzify)
    qFIS_Fuzzify                             0x08003da9   Thumb Code   172  qfis.o(.text.qFIS_Fuzzify)
    qFIS_GetOutput                           0x08003f55   Thumb Code    26  qfis.o(.text.qFIS_GetOutput)
    qFIS_Inference                           0x08003f71   Thumb Code   128  qfis.o(.text.qFIS_Inference)
    qFIS_InputSetup                          0x08004279   Thumb Code    34  qfis.o(.text.qFIS_InputSetup)
    qFIS_OutputSetup                         0x080044f5   Thumb Code    62  qfis.o(.text.qFIS_OutputSetup)
    qFIS_SetDeFuzzMethod                     0x08004719   Thumb Code    64  qfis.o(.text.qFIS_SetDeFuzzMethod)
    qFIS_SetInput                            0x08004775   Thumb Code    30  qfis.o(.text.qFIS_SetInput)
    qFIS_SetMF                               0x08004795   Thumb Code    92  qfis.o(.text.qFIS_SetMF)
    qFIS_SetParameter                        0x080047f1   Thumb Code   134  qfis.o(.text.qFIS_SetParameter)
    qFIS_Setup                               0x08004879   Thumb Code   508  qfis.o(.text.qFIS_Setup)
    qFMathEx_Equal                           0x08004f5d   Thumb Code    36  qfmathex.o(.text.qFMathEx_Equal)
    qFMathEx_InRangeCoerce                   0x08004f81   Thumb Code    58  qfmathex.o(.text.qFMathEx_InRangeCoerce)
    __ARM_fpclassify                         0x08004fbb   Thumb Code    40  fpclassify.o(i.__ARM_fpclassify)
    __kernel_poly                            0x08004fe3   Thumb Code   170  poly.o(i.__kernel_poly)
    __mathlib_dbl_infnan                     0x0800508d   Thumb Code     6  dunder.o(i.__mathlib_dbl_infnan)
    __mathlib_dbl_infnan2                    0x08005093   Thumb Code     4  dunder.o(i.__mathlib_dbl_infnan2)
    __mathlib_dbl_underflow                  0x08005099   Thumb Code    10  dunder.o(i.__mathlib_dbl_underflow)
    atan                                     0x080050a9   Thumb Code   474  atan.o(i.atan)
    atan2                                    0x080052c9   Thumb Code   374  atan2.o(i.atan2)
    sqrt                                     0x08005465   Thumb Code    76  sqrt.o(i.sqrt)
    __aeabi_d2f                              0x080054b1   Thumb Code     0  d2f.o(x$fpl$d2f)
    _d2f                                     0x080054b1   Thumb Code    98  d2f.o(x$fpl$d2f)
    __aeabi_dadd                             0x08005515   Thumb Code     0  daddsub_clz.o(x$fpl$dadd)
    _dadd                                    0x08005515   Thumb Code   332  daddsub_clz.o(x$fpl$dadd)
    __fpl_dcheck_NaN1                        0x08005665   Thumb Code    10  dcheck1.o(x$fpl$dcheck1)
    __fpl_dcmp_Inf                           0x08005675   Thumb Code    24  dcmpi.o(x$fpl$dcmpinf)
    __aeabi_ddiv                             0x0800568d   Thumb Code     0  ddiv.o(x$fpl$ddiv)
    _ddiv                                    0x0800568d   Thumb Code   556  ddiv.o(x$fpl$ddiv)
    __aeabi_cdcmpeq                          0x08005941   Thumb Code     0  deqf.o(x$fpl$deqf)
    _dcmpeq                                  0x08005941   Thumb Code   120  deqf.o(x$fpl$deqf)
    __aeabi_i2d                              0x080059b9   Thumb Code     0  dflt_clz.o(x$fpl$dflt)
    _dflt                                    0x080059b9   Thumb Code    46  dflt_clz.o(x$fpl$dflt)
    __aeabi_ui2d                             0x080059e7   Thumb Code     0  dflt_clz.o(x$fpl$dfltu)
    _dfltu                                   0x080059e7   Thumb Code    38  dflt_clz.o(x$fpl$dfltu)
    __aeabi_cdcmpge                          0x08005a0d   Thumb Code     0  dgeqf.o(x$fpl$dgeqf)
    _dcmpge                                  0x08005a0d   Thumb Code   120  dgeqf.o(x$fpl$dgeqf)
    __aeabi_cdcmple                          0x08005a85   Thumb Code     0  dleqf.o(x$fpl$dleqf)
    _dcmple                                  0x08005a85   Thumb Code   120  dleqf.o(x$fpl$dleqf)
    __fpl_dcmple_InfNaN                      0x08005ae7   Thumb Code     0  dleqf.o(x$fpl$dleqf)
    __aeabi_dmul                             0x08005afd   Thumb Code     0  dmul.o(x$fpl$dmul)
    _dmul                                    0x08005afd   Thumb Code   332  dmul.o(x$fpl$dmul)
    __fpl_dnaninf                            0x08005c51   Thumb Code   156  dnaninf.o(x$fpl$dnaninf)
    __fpl_dretinf                            0x08005ced   Thumb Code    12  dretinf.o(x$fpl$dretinf)
    __aeabi_drsub                            0x08005cf9   Thumb Code     0  daddsub_clz.o(x$fpl$drsb)
    _drsb                                    0x08005cf9   Thumb Code    22  daddsub_clz.o(x$fpl$drsb)
    _dsqrt                                   0x08005d11   Thumb Code   456  dsqrt_noumaal.o(x$fpl$dsqrt)
    __aeabi_dsub                             0x08005edd   Thumb Code     0  daddsub_clz.o(x$fpl$dsub)
    _dsub                                    0x08005edd   Thumb Code   472  daddsub_clz.o(x$fpl$dsub)
    __aeabi_f2d                              0x080060b9   Thumb Code     0  f2d.o(x$fpl$f2d)
    _f2d                                     0x080060b9   Thumb Code    86  f2d.o(x$fpl$f2d)
    __aeabi_fadd                             0x08006111   Thumb Code     0  faddsub_clz.o(x$fpl$fadd)
    _fadd                                    0x08006111   Thumb Code   196  faddsub_clz.o(x$fpl$fadd)
    __aeabi_dcmpeq                           0x080061d5   Thumb Code     0  dcmp.o(x$fpl$fcmp)
    _deq                                     0x080061d5   Thumb Code    14  dcmp.o(x$fpl$fcmp)
    _dneq                                    0x080061e3   Thumb Code    14  dcmp.o(x$fpl$fcmp)
    __aeabi_dcmpgt                           0x080061f1   Thumb Code     0  dcmp.o(x$fpl$fcmp)
    _dgr                                     0x080061f1   Thumb Code    14  dcmp.o(x$fpl$fcmp)
    __aeabi_dcmpge                           0x080061ff   Thumb Code     0  dcmp.o(x$fpl$fcmp)
    _dgeq                                    0x080061ff   Thumb Code    14  dcmp.o(x$fpl$fcmp)
    __aeabi_dcmple                           0x0800620d   Thumb Code     0  dcmp.o(x$fpl$fcmp)
    _dleq                                    0x0800620d   Thumb Code    14  dcmp.o(x$fpl$fcmp)
    __aeabi_dcmplt                           0x0800621b   Thumb Code     0  dcmp.o(x$fpl$fcmp)
    _dls                                     0x0800621b   Thumb Code    14  dcmp.o(x$fpl$fcmp)
    __aeabi_fcmpeq                           0x08006229   Thumb Code     0  fcmp.o(x$fpl$fcmp)
    _feq                                     0x08006229   Thumb Code    14  fcmp.o(x$fpl$fcmp)
    _fneq                                    0x08006237   Thumb Code    14  fcmp.o(x$fpl$fcmp)
    __aeabi_fcmpgt                           0x08006245   Thumb Code     0  fcmp.o(x$fpl$fcmp)
    _fgr                                     0x08006245   Thumb Code    14  fcmp.o(x$fpl$fcmp)
    __aeabi_fcmpge                           0x08006253   Thumb Code     0  fcmp.o(x$fpl$fcmp)
    _fgeq                                    0x08006253   Thumb Code    14  fcmp.o(x$fpl$fcmp)
    __aeabi_fcmple                           0x08006261   Thumb Code     0  fcmp.o(x$fpl$fcmp)
    _fleq                                    0x08006261   Thumb Code    14  fcmp.o(x$fpl$fcmp)
    __aeabi_fcmplt                           0x0800626f   Thumb Code     0  fcmp.o(x$fpl$fcmp)
    _fls                                     0x0800626f   Thumb Code    14  fcmp.o(x$fpl$fcmp)
    __fpl_fcmp_Inf                           0x0800627d   Thumb Code    24  fcmpi.o(x$fpl$fcmpinf)
    __aeabi_fdiv                             0x08006295   Thumb Code     0  fdiv.o(x$fpl$fdiv)
    _fdiv                                    0x08006295   Thumb Code   384  fdiv.o(x$fpl$fdiv)
    __aeabi_cfcmpeq                          0x08006419   Thumb Code     0  feqf.o(x$fpl$feqf)
    _fcmpeq                                  0x08006419   Thumb Code   104  feqf.o(x$fpl$feqf)
    __aeabi_f2iz                             0x08006481   Thumb Code     0  ffix.o(x$fpl$ffix)
    _ffix                                    0x08006481   Thumb Code    54  ffix.o(x$fpl$ffix)
    __aeabi_f2uiz                            0x080064b9   Thumb Code     0  ffixu.o(x$fpl$ffixu)
    _ffixu                                   0x080064b9   Thumb Code    62  ffixu.o(x$fpl$ffixu)
    __aeabi_i2f                              0x080064f9   Thumb Code     0  fflt_clz.o(x$fpl$fflt)
    _fflt                                    0x080064f9   Thumb Code    48  fflt_clz.o(x$fpl$fflt)
    __aeabi_ui2f                             0x08006529   Thumb Code     0  fflt_clz.o(x$fpl$ffltu)
    _ffltu                                   0x08006529   Thumb Code    38  fflt_clz.o(x$fpl$ffltu)
    _fcmpge                                  0x08006551   Thumb Code   104  fgeqf.o(x$fpl$fgeqf)
    __aeabi_cfcmple                          0x080065b9   Thumb Code     0  fleqf.o(x$fpl$fleqf)
    _fcmple                                  0x080065b9   Thumb Code   104  fleqf.o(x$fpl$fleqf)
    __fpl_fcmple_InfNaN                      0x0800660b   Thumb Code     0  fleqf.o(x$fpl$fleqf)
    __aeabi_fmul                             0x08006621   Thumb Code     0  fmul.o(x$fpl$fmul)
    _fmul                                    0x08006621   Thumb Code   258  fmul.o(x$fpl$fmul)
    __fpl_fnaninf                            0x08006723   Thumb Code   140  fnaninf.o(x$fpl$fnaninf)
    __fpl_fretinf                            0x080067af   Thumb Code    10  fretinf.o(x$fpl$fretinf)
    __aeabi_fsub                             0x080067b9   Thumb Code     0  faddsub_clz.o(x$fpl$fsub)
    _fsub                                    0x080067b9   Thumb Code   234  faddsub_clz.o(x$fpl$fsub)
    __fpl_return_NaN                         0x080068a3   Thumb Code   100  retnan.o(x$fpl$retnan)
    __ARM_scalbn                             0x08006907   Thumb Code    92  scalbn.o(x$fpl$scalbn)
    __fpl_cmpreturn                          0x08006963   Thumb Code    48  trapv.o(x$fpl$trapveneer)
    __I$use$fp                               0x08006992   Number         0  usenofp.o(x$fpl$usenofp)
    __mathlib_zero                           0x08006a30   Data           8  qnan.o(.constdata)
    AHBPrescTable                            0x08006a38   Data          16  system_stm32f1xx.o(.rodata.AHBPrescTable)
    APBPrescTable                            0x08006a48   Data           8  system_stm32f1xx.o(.rodata.APBPrescTable)
    Region$$Table$$Base                      0x08006d24   Number         0  anon$$obj.o(Region$$Table)
    Region$$Table$$Limit                     0x08006d44   Number         0  anon$$obj.o(Region$$Table)
    uwTickFreq                               0x20000000   Data           1  stm32f1xx_hal.o(.data..L_MergedGlobals)
    uwTickPrio                               0x20000004   Data           4  stm32f1xx_hal.o(.data..L_MergedGlobals)
    KalmanY                                  0x20000008   Data          72  mpu6050.o(.data.KalmanY)
    SystemCoreClock                          0x20000050   Data           4  system_stm32f1xx.o(.data.SystemCoreClock)
    __libspace_start                         0x20000058   Data          96  libspace.o(.bss)
    MPU_Offset                               0x200000b8   Data           4  main.o(.bss..L_MergedGlobals)
    __temporary_stack_top$libspace           0x200000b8   Data           0  libspace.o(.bss)
    Balance                                  0x200000bc   Data          20  main.o(.bss..L_MergedGlobals)
    MPU                                      0x200002e8   Data         104  main.o(.bss.MPU)
    current                                  0x20000350   Data           1  main.o(.bss.current)
    hi2c1                                    0x20000354   Data          84  i2c.o(.bss.hi2c1)
    hi2c2                                    0x200003a8   Data          84  i2c.o(.bss.hi2c2)
    htim2                                    0x200003fc   Data          72  tim.o(.bss.htim2)
    htim3                                    0x20000444   Data          72  tim.o(.bss.htim3)
    rStrength                                0x2000048c   Data         100  balance_fis.o(.bss.rStrength)
    timer                                    0x200004f0   Data           4  mpu6050.o(.bss.timer)
    uwTick                                   0x200004f4   Data           4  stm32f1xx_hal.o(.bss.uwTick)



==============================================================================

Memory Map of the image

  Image Entry point : 0x080000ed

  Load Region LR_IROM1 (Base: 0x08000000, Size: 0x00006da0, Max: 0x00010000, ABSOLUTE)

    Execution Region ER_IROM1 (Exec base: 0x08000000, Load base: 0x08000000, Size: 0x00006d44, Max: 0x00010000, ABSOLUTE)

    Exec Addr    Load Addr    Size         Type   Attr      Idx    E Section Name        Object

    0x08000000   0x08000000   0x000000ec   Data   RO            3    RESET               startup_stm32f103xb.o
    0x080000ec   0x080000ec   0x00000008   Code   RO         1258  * !!!main             c_w.l(__main.o)
    0x080000f4   0x080000f4   0x00000034   Code   RO         1549    !!!scatter          c_w.l(__scatter.o)
    0x08000128   0x08000128   0x0000001a   Code   RO         1551    !!handler_copy      c_w.l(__scatter_copy.o)
    0x08000142   0x08000142   0x00000002   PAD
    0x08000144   0x08000144   0x0000001c   Code   RO         1553    !!handler_zi        c_w.l(__scatter_zi.o)
    0x08000160   0x08000160   0x00000002   Code   RO         1410    .ARM.Collect$$libinit$$00000000  c_w.l(libinit.o)
    0x08000162   0x08000162   0x00000000   Code   RO         1416    .ARM.Collect$$libinit$$00000002  c_w.l(libinit2.o)
    0x08000162   0x08000162   0x00000000   Code   RO         1418    .ARM.Collect$$libinit$$00000004  c_w.l(libinit2.o)
    0x08000162   0x08000162   0x00000000   Code   RO         1420    .ARM.Collect$$libinit$$00000006  c_w.l(libinit2.o)
    0x08000162   0x08000162   0x00000000   Code   RO         1423    .ARM.Collect$$libinit$$0000000C  c_w.l(libinit2.o)
    0x08000162   0x08000162   0x00000000   Code   RO         1425    .ARM.Collect$$libinit$$0000000E  c_w.l(libinit2.o)
    0x08000162   0x08000162   0x00000000   Code   RO         1427    .ARM.Collect$$libinit$$00000010  c_w.l(libinit2.o)
    0x08000162   0x08000162   0x00000000   Code   RO         1430    .ARM.Collect$$libinit$$00000013  c_w.l(libinit2.o)
    0x08000162   0x08000162   0x00000000   Code   RO         1432    .ARM.Collect$$libinit$$00000015  c_w.l(libinit2.o)
    0x08000162   0x08000162   0x00000000   Code   RO         1434    .ARM.Collect$$libinit$$00000017  c_w.l(libinit2.o)
    0x08000162   0x08000162   0x00000000   Code   RO         1436    .ARM.Collect$$libinit$$00000019  c_w.l(libinit2.o)
    0x08000162   0x08000162   0x00000000   Code   RO         1438    .ARM.Collect$$libinit$$0000001B  c_w.l(libinit2.o)
    0x08000162   0x08000162   0x00000000   Code   RO         1440    .ARM.Collect$$libinit$$0000001D  c_w.l(libinit2.o)
    0x08000162   0x08000162   0x00000000   Code   RO         1442    .ARM.Collect$$libinit$$0000001F  c_w.l(libinit2.o)
    0x08000162   0x08000162   0x00000000   Code   RO         1444    .ARM.Collect$$libinit$$00000021  c_w.l(libinit2.o)
    0x08000162   0x08000162   0x00000000   Code   RO         1446    .ARM.Collect$$libinit$$00000023  c_w.l(libinit2.o)
    0x08000162   0x08000162   0x00000000   Code   RO         1448    .ARM.Collect$$libinit$$00000025  c_w.l(libinit2.o)
    0x08000162   0x08000162   0x00000000   Code   RO         1450    .ARM.Collect$$libinit$$00000027  c_w.l(libinit2.o)
    0x08000162   0x08000162   0x00000000   Code   RO         1454    .ARM.Collect$$libinit$$0000002E  c_w.l(libinit2.o)
    0x08000162   0x08000162   0x00000000   Code   RO         1456    .ARM.Collect$$libinit$$00000030  c_w.l(libinit2.o)
    0x08000162   0x08000162   0x00000000   Code   RO         1458    .ARM.Collect$$libinit$$00000032  c_w.l(libinit2.o)
    0x08000162   0x08000162   0x00000000   Code   RO         1460    .ARM.Collect$$libinit$$00000034  c_w.l(libinit2.o)
    0x08000162   0x08000162   0x00000002   Code   RO         1461    .ARM.Collect$$libinit$$00000035  c_w.l(libinit2.o)
    0x08000164   0x08000164   0x00000002   Code   RO         1485    .ARM.Collect$$libshutdown$$00000000  c_w.l(libshutdown.o)
    0x08000166   0x08000166   0x00000000   Code   RO         1500    .ARM.Collect$$libshutdown$$00000002  c_w.l(libshutdown2.o)
    0x08000166   0x08000166   0x00000000   Code   RO         1502    .ARM.Collect$$libshutdown$$00000004  c_w.l(libshutdown2.o)
    0x08000166   0x08000166   0x00000000   Code   RO         1505    .ARM.Collect$$libshutdown$$00000007  c_w.l(libshutdown2.o)
    0x08000166   0x08000166   0x00000000   Code   RO         1508    .ARM.Collect$$libshutdown$$0000000A  c_w.l(libshutdown2.o)
    0x08000166   0x08000166   0x00000000   Code   RO         1510    .ARM.Collect$$libshutdown$$0000000C  c_w.l(libshutdown2.o)
    0x08000166   0x08000166   0x00000000   Code   RO         1513    .ARM.Collect$$libshutdown$$0000000F  c_w.l(libshutdown2.o)
    0x08000166   0x08000166   0x00000002   Code   RO         1514    .ARM.Collect$$libshutdown$$00000010  c_w.l(libshutdown2.o)
    0x08000168   0x08000168   0x00000000   Code   RO         1325    .ARM.Collect$$rtentry$$00000000  c_w.l(__rtentry.o)
    0x08000168   0x08000168   0x00000000   Code   RO         1373    .ARM.Collect$$rtentry$$00000002  c_w.l(__rtentry2.o)
    0x08000168   0x08000168   0x00000006   Code   RO         1385    .ARM.Collect$$rtentry$$00000004  c_w.l(__rtentry4.o)
    0x0800016e   0x0800016e   0x00000000   Code   RO         1375    .ARM.Collect$$rtentry$$00000009  c_w.l(__rtentry2.o)
    0x0800016e   0x0800016e   0x00000004   Code   RO         1376    .ARM.Collect$$rtentry$$0000000A  c_w.l(__rtentry2.o)
    0x08000172   0x08000172   0x00000000   Code   RO         1378    .ARM.Collect$$rtentry$$0000000C  c_w.l(__rtentry2.o)
    0x08000172   0x08000172   0x00000008   Code   RO         1379    .ARM.Collect$$rtentry$$0000000D  c_w.l(__rtentry2.o)
    0x0800017a   0x0800017a   0x00000002   Code   RO         1413    .ARM.Collect$$rtexit$$00000000  c_w.l(rtexit.o)
    0x0800017c   0x0800017c   0x00000000   Code   RO         1465    .ARM.Collect$$rtexit$$00000002  c_w.l(rtexit2.o)
    0x0800017c   0x0800017c   0x00000004   Code   RO         1466    .ARM.Collect$$rtexit$$00000003  c_w.l(rtexit2.o)
    0x08000180   0x08000180   0x00000006   Code   RO         1467    .ARM.Collect$$rtexit$$00000004  c_w.l(rtexit2.o)
    0x08000186   0x08000186   0x00000002   PAD
    0x08000188   0x08000188   0x00000040   Code   RO            4    .text               startup_stm32f103xb.o
    0x080001c8   0x080001c8   0x00000006   Code   RO         1256    .text               c_w.l(heapauxi.o)
    0x080001ce   0x080001ce   0x00000016   Code   RO         1326    .text               c_w.l(_rserrno.o)
    0x080001e4   0x080001e4   0x00000008   Code   RO         1390    .text               c_w.l(rt_errno_addr_intlibspace.o)
    0x080001ec   0x080001ec   0x00000008   Code   RO         1398    .text               c_w.l(libspace.o)
    0x080001f4   0x080001f4   0x0000004a   Code   RO         1401    .text               c_w.l(sys_stackheap_outer.o)
    0x0800023e   0x0800023e   0x00000012   Code   RO         1403    .text               c_w.l(exit.o)
    0x08000250   0x08000250   0x0000000c   Code   RO         1475    .text               c_w.l(sys_exit.o)
    0x0800025c   0x0800025c   0x00000002   Code   RO         1490    .text               c_w.l(use_no_semi.o)
    0x0800025e   0x0800025e   0x00000000   Code   RO         1492    .text               c_w.l(indicate_semi.o)
    0x0800025e   0x0800025e   0x00000002   PAD
    0x08000260   0x08000260   0x00000286   Code   RO          131    .text.Balance_init  balance_fis.o
    0x080004e6   0x080004e6   0x00000002   PAD
    0x080004e8   0x080004e8   0x00000054   Code   RO          133    .text.Balance_run   balance_fis.o
    0x0800053c   0x0800053c   0x00000002   Code   RO          101    .text.BusFault_Handler  stm32f1xx_it.o
    0x0800053e   0x0800053e   0x00000002   PAD
    0x08000540   0x08000540   0x00000002   Code   RO          107    .text.DebugMon_Handler  stm32f1xx_it.o
    0x08000542   0x08000542   0x00000002   PAD
    0x08000544   0x08000544   0x0000000a   Code   RO           29    .text.Error_Handler  main.o
    0x0800054e   0x0800054e   0x00000002   PAD
    0x08000550   0x08000550   0x00000028   Code   RO          608    .text.HAL_Delay     stm32f1xx_hal.o
    0x08000578   0x08000578   0x0000021a   Code   RO          700    .text.HAL_GPIO_Init  stm32f1xx_hal_gpio.o
    0x08000792   0x08000792   0x00000002   PAD
    0x08000794   0x08000794   0x00000010   Code   RO          708    .text.HAL_GPIO_TogglePin  stm32f1xx_hal_gpio.o
    0x080007a4   0x080007a4   0x0000000c   Code   RO          600    .text.HAL_GetTick   stm32f1xx_hal.o
    0x080007b0   0x080007b0   0x00000176   Code   RO          450    .text.HAL_I2C_Init  stm32f1xx_hal_i2c.o
    0x08000926   0x08000926   0x00000002   PAD
    0x08000928   0x08000928   0x0000035e   Code   RO          498    .text.HAL_I2C_Mem_Read  stm32f1xx_hal_i2c.o
    0x08000c86   0x08000c86   0x00000002   PAD
    0x08000c88   0x08000c88   0x00000158   Code   RO          494    .text.HAL_I2C_Mem_Write  stm32f1xx_hal_i2c.o
    0x08000de0   0x08000de0   0x000000d4   Code   RO           57    .text.HAL_I2C_MspInit  i2c.o
    0x08000eb4   0x08000eb4   0x0000001a   Code   RO          598    .text.HAL_IncTick   stm32f1xx_hal.o
    0x08000ece   0x08000ece   0x00000002   PAD
    0x08000ed0   0x08000ed0   0x00000026   Code   RO          588    .text.HAL_Init      stm32f1xx_hal.o
    0x08000ef6   0x08000ef6   0x00000002   PAD
    0x08000ef8   0x08000ef8   0x00000048   Code   RO          590    .text.HAL_InitTick  stm32f1xx_hal.o
    0x08000f40   0x08000f40   0x00000042   Code   RO          122    .text.HAL_MspInit   stm32f1xx_hal_msp.o
    0x08000f82   0x08000f82   0x00000002   PAD
    0x08000f84   0x08000f84   0x00000026   Code   RO          760    .text.HAL_NVIC_EnableIRQ  stm32f1xx_hal_cortex.o
    0x08000faa   0x08000faa   0x00000002   PAD
    0x08000fac   0x08000fac   0x00000056   Code   RO          758    .text.HAL_NVIC_SetPriority  stm32f1xx_hal_cortex.o
    0x08001002   0x08001002   0x00000002   PAD
    0x08001004   0x08001004   0x00000020   Code   RO          756    .text.HAL_NVIC_SetPriorityGrouping  stm32f1xx_hal_cortex.o
    0x08001024   0x08001024   0x000001be   Code   RO          652    .text.HAL_RCC_ClockConfig  stm32f1xx_hal_rcc.o
    0x080011e2   0x080011e2   0x00000002   PAD
    0x080011e4   0x080011e4   0x00000026   Code   RO          664    .text.HAL_RCC_GetPCLK1Freq  stm32f1xx_hal_rcc.o
    0x0800120a   0x0800120a   0x00000002   PAD
    0x0800120c   0x0800120c   0x000003b4   Code   RO          650    .text.HAL_RCC_OscConfig  stm32f1xx_hal_rcc.o
    0x080015c0   0x080015c0   0x0000002c   Code   RO          768    .text.HAL_SYSTICK_Config  stm32f1xx_hal_cortex.o
    0x080015ec   0x080015ec   0x00000002   Code   RO         1226    .text.HAL_TIMEx_BreakCallback  stm32f1xx_hal_tim_ex.o
    0x080015ee   0x080015ee   0x00000002   PAD
    0x080015f0   0x080015f0   0x00000002   Code   RO         1222    .text.HAL_TIMEx_CommutCallback  stm32f1xx_hal_tim_ex.o
    0x080015f2   0x080015f2   0x00000002   PAD
    0x080015f4   0x080015f4   0x0000007a   Code   RO         1216    .text.HAL_TIMEx_MasterConfigSynchronization  stm32f1xx_hal_tim_ex.o
    0x0800166e   0x0800166e   0x00000002   PAD
    0x08001670   0x08001670   0x000000fa   Code   RO          921    .text.HAL_TIM_Base_Init  stm32f1xx_hal_tim.o
    0x0800176a   0x0800176a   0x00000002   PAD
    0x0800176c   0x0800176c   0x00000040   Code   RO           77    .text.HAL_TIM_Base_MspInit  tim.o
    0x080017ac   0x080017ac   0x0000006e   Code   RO          935    .text.HAL_TIM_Base_Start_IT  stm32f1xx_hal_tim.o
    0x0800181a   0x0800181a   0x00000002   PAD
    0x0800181c   0x0800181c   0x0000019c   Code   RO         1101    .text.HAL_TIM_ConfigClockSource  stm32f1xx_hal_tim.o
    0x080019b8   0x080019b8   0x00000002   Code   RO         1057    .text.HAL_TIM_IC_CaptureCallback  stm32f1xx_hal_tim.o
    0x080019ba   0x080019ba   0x00000002   PAD
    0x080019bc   0x080019bc   0x0000014e   Code   RO         1055    .text.HAL_TIM_IRQHandler  stm32f1xx_hal_tim.o
    0x08001b0a   0x08001b0a   0x00000002   PAD
    0x08001b0c   0x08001b0c   0x00000002   Code   RO         1059    .text.HAL_TIM_OC_DelayElapsedCallback  stm32f1xx_hal_tim.o
    0x08001b0e   0x08001b0e   0x00000002   PAD
    0x08001b10   0x08001b10   0x0000020c   Code   RO         1075    .text.HAL_TIM_PWM_ConfigChannel  stm32f1xx_hal_tim.o
    0x08001d1c   0x08001d1c   0x000000fa   Code   RO          975    .text.HAL_TIM_PWM_Init  stm32f1xx_hal_tim.o
    0x08001e16   0x08001e16   0x00000002   PAD
    0x08001e18   0x08001e18   0x00000032   Code   RO           79    .text.HAL_TIM_PWM_MspInit  tim.o
    0x08001e4a   0x08001e4a   0x00000002   PAD
    0x08001e4c   0x08001e4c   0x00000002   Code   RO         1061    .text.HAL_TIM_PWM_PulseFinishedCallback  stm32f1xx_hal_tim.o
    0x08001e4e   0x08001e4e   0x00000002   PAD
    0x08001e50   0x08001e50   0x000000de   Code   RO          983    .text.HAL_TIM_PWM_Start  stm32f1xx_hal_tim.o
    0x08001f2e   0x08001f2e   0x00000002   PAD
    0x08001f30   0x08001f30   0x000000e2   Code   RO           31    .text.HAL_TIM_PeriodElapsedCallback  main.o
    0x08002012   0x08002012   0x00000002   PAD
    0x08002014   0x08002014   0x00000002   Code   RO         1065    .text.HAL_TIM_TriggerCallback  stm32f1xx_hal_tim.o
    0x08002016   0x08002016   0x00000002   PAD
    0x08002018   0x08002018   0x00000002   Code   RO           97    .text.HardFault_Handler  stm32f1xx_it.o
    0x0800201a   0x0800201a   0x00000002   PAD
    0x0800201c   0x0800201c   0x00000118   Code   RO          500    .text.I2C_RequestMemoryRead  stm32f1xx_hal_i2c.o
    0x08002134   0x08002134   0x000000c8   Code   RO          496    .text.I2C_RequestMemoryWrite  stm32f1xx_hal_i2c.o
    0x080021fc   0x080021fc   0x000000be   Code   RO          464    .text.I2C_WaitOnBTFFlagUntilTimeout  stm32f1xx_hal_i2c.o
    0x080022ba   0x080022ba   0x00000002   PAD
    0x080022bc   0x080022bc   0x000001d2   Code   RO          460    .text.I2C_WaitOnFlagUntilTimeout  stm32f1xx_hal_i2c.o
    0x0800248e   0x0800248e   0x00000002   PAD
    0x08002490   0x08002490   0x000000e0   Code   RO          578    .text.I2C_WaitOnMasterAddressFlagUntilTimeout  stm32f1xx_hal_i2c.o
    0x08002570   0x08002570   0x00000090   Code   RO          468    .text.I2C_WaitOnRXNEFlagUntilTimeout  stm32f1xx_hal_i2c.o
    0x08002600   0x08002600   0x000000be   Code   RO          462    .text.I2C_WaitOnTXEFlagUntilTimeout  stm32f1xx_hal_i2c.o
    0x080026be   0x080026be   0x00000002   PAD
    0x080026c0   0x080026c0   0x00000096   Code   RO          166    .text.MPU6050_Init  mpu6050.o
    0x08002756   0x08002756   0x00000002   PAD
    0x08002758   0x08002758   0x0000052c   Code   RO          174    .text.MPU6050_Read_All  mpu6050.o
    0x08002c84   0x08002c84   0x00000096   Code   RO           23    .text.MPU_Calibrate_On_Startup  main.o
    0x08002d1a   0x08002d1a   0x00000002   PAD
    0x08002d1c   0x08002d1c   0x00000044   Code   RO           45    .text.MX_GPIO_Init  gpio.o
    0x08002d60   0x08002d60   0x00000042   Code   RO           53    .text.MX_I2C1_Init  i2c.o
    0x08002da2   0x08002da2   0x00000002   PAD
    0x08002da4   0x08002da4   0x00000042   Code   RO           55    .text.MX_I2C2_Init  i2c.o
    0x08002de6   0x08002de6   0x00000002   PAD
    0x08002de8   0x08002de8   0x00000070   Code   RO           71    .text.MX_TIM2_Init  tim.o
    0x08002e58   0x08002e58   0x0000012c   Code   RO           73    .text.MX_TIM3_Init  tim.o
    0x08002f84   0x08002f84   0x00000002   Code   RO           99    .text.MemManage_Handler  stm32f1xx_it.o
    0x08002f86   0x08002f86   0x00000002   PAD
    0x08002f88   0x08002f88   0x0000003e   Code   RO           11    .text.MotorSetDuty1  motor.o
    0x08002fc6   0x08002fc6   0x00000002   PAD
    0x08002fc8   0x08002fc8   0x00000032   Code   RO           13    .text.MotorSetDuty2  motor.o
    0x08002ffa   0x08002ffa   0x00000002   PAD
    0x08002ffc   0x08002ffc   0x00000002   Code   RO           95    .text.NMI_Handler   stm32f1xx_it.o
    0x08002ffe   0x08002ffe   0x00000002   PAD
    0x08003000   0x08003000   0x00000002   Code   RO          109    .text.PendSV_Handler  stm32f1xx_it.o
    0x08003002   0x08003002   0x00000002   PAD
    0x08003004   0x08003004   0x00000002   Code   RO          105    .text.SVC_Handler   stm32f1xx_it.o
    0x08003006   0x08003006   0x00000002   PAD
    0x08003008   0x08003008   0x00000004   Code   RO          111    .text.SysTick_Handler  stm32f1xx_it.o
    0x0800300c   0x0800300c   0x00000002   Code   RO         1240    .text.SystemInit    system_stm32f1xx.o
    0x0800300e   0x0800300e   0x00000002   PAD
    0x08003010   0x08003010   0x0000000c   Code   RO          113    .text.TIM2_IRQHandler  stm32f1xx_it.o
    0x0800301c   0x0800301c   0x00000002   Code   RO          103    .text.UsageFault_Handler  stm32f1xx_it.o
    0x0800301e   0x0800301e   0x00000002   PAD
    0x08003020   0x08003020   0x000000d6   Code   RO           25    .text.main          main.o
    0x080030f6   0x080030f6   0x00000002   PAD
    0x080030f8   0x080030f8   0x00000006   Code   RO          203    .text.qFFMath_Abs   qffmath.o
    0x080030fe   0x080030fe   0x00000002   PAD
    0x08003100   0x08003100   0x00000078   Code   RO          231    .text.qFFMath_Cos   qffmath.o
    0x08003178   0x08003178   0x000000b2   Code   RO          247    .text.qFFMath_Exp   qffmath.o
    0x0800322a   0x0800322a   0x00000002   PAD
    0x0800322c   0x0800322c   0x00000010   Code   RO          195    .text.qFFMath_IsNaN  qffmath.o
    0x0800323c   0x0800323c   0x000000e2   Code   RO          251    .text.qFFMath_Log   qffmath.o
    0x0800331e   0x0800331e   0x00000002   PAD
    0x08003320   0x08003320   0x0000015a   Code   RO          255    .text.qFFMath_Pow   qffmath.o
    0x0800347a   0x0800347a   0x00000002   PAD
    0x0800347c   0x0800347c   0x00000064   Code   RO          207    .text.qFFMath_Sqrt  qffmath.o
    0x080034e0   0x080034e0   0x00000052   Code   RO          398    .text.qFIS_AggregationFindConsequent  qfis.o
    0x08003532   0x08003532   0x00000002   PAD
    0x08003534   0x08003534   0x0000009a   Code   RO          360    .text.qFIS_ConcaveMF  qfis.o
    0x080035ce   0x080035ce   0x00000002   PAD
    0x080035d0   0x080035d0   0x00000004   Code   RO          334    .text.qFIS_ConstantMF  qfis.o
    0x080035d4   0x080035d4   0x000000aa   Code   RO          370    .text.qFIS_CosineMF  qfis.o
    0x0800367e   0x0800367e   0x00000002   PAD
    0x08003680   0x08003680   0x00000066   Code   RO          348    .text.qFIS_DSigMF   qfis.o
    0x080036e6   0x080036e6   0x00000002   PAD
    0x080036e8   0x080036e8   0x000001a0   Code   RO          310    .text.qFIS_DeFuzz_Bisector  qfis.o
    0x08003888   0x08003888   0x0000004c   Code   RO          308    .text.qFIS_DeFuzz_Centroid  qfis.o
    0x080038d4   0x080038d4   0x0000003e   Code   RO          314    .text.qFIS_DeFuzz_LOM  qfis.o
    0x08003912   0x08003912   0x00000002   PAD
    0x08003914   0x08003914   0x00000094   Code   RO          312    .text.qFIS_DeFuzz_MOM  qfis.o
    0x080039a8   0x080039a8   0x00000038   Code   RO          316    .text.qFIS_DeFuzz_SOM  qfis.o
    0x080039e0   0x080039e0   0x00000016   Code   RO          318    .text.qFIS_DeFuzz_WtAverage  qfis.o
    0x080039f6   0x080039f6   0x00000002   PAD
    0x080039f8   0x080039f8   0x0000000a   Code   RO          320    .text.qFIS_DeFuzz_WtSum  qfis.o
    0x08003a02   0x08003a02   0x00000002   PAD
    0x08003a04   0x08003a04   0x000003a4   Code   RO          390    .text.qFIS_DeFuzzify  qfis.o
    0x08003da8   0x08003da8   0x000000ac   Code   RO          388    .text.qFIS_Fuzzify  qfis.o
    0x08003e54   0x08003e54   0x0000003e   Code   RO          340    .text.qFIS_GBellMF  qfis.o
    0x08003e92   0x08003e92   0x00000002   PAD
    0x08003e94   0x08003e94   0x00000094   Code   RO          344    .text.qFIS_Gauss2MF  qfis.o
    0x08003f28   0x08003f28   0x0000002c   Code   RO          342    .text.qFIS_GaussMF  qfis.o
    0x08003f54   0x08003f54   0x0000001a   Code   RO          330    .text.qFIS_GetOutput  qfis.o
    0x08003f6e   0x08003f6e   0x00000002   PAD
    0x08003f70   0x08003f70   0x00000080   Code   RO          394    .text.qFIS_Inference  qfis.o
    0x08003ff0   0x08003ff0   0x000000fc   Code   RO          396    .text.qFIS_InferenceAntecedent  qfis.o
    0x080040ec   0x080040ec   0x0000011a   Code   RO          400    .text.qFIS_InferenceConsequent  qfis.o
    0x08004206   0x08004206   0x00000002   PAD
    0x08004208   0x08004208   0x00000070   Code   RO          402    .text.qFIS_InferenceReachEnd  qfis.o
    0x08004278   0x08004278   0x00000022   Code   RO          324    .text.qFIS_InputSetup  qfis.o
    0x0800429a   0x0800429a   0x00000002   PAD
    0x0800429c   0x0800429c   0x00000076   Code   RO          364    .text.qFIS_LinSMF   qfis.o
    0x08004312   0x08004312   0x00000002   PAD
    0x08004314   0x08004314   0x0000006c   Code   RO          366    .text.qFIS_LinZMF   qfis.o
    0x08004380   0x08004380   0x00000122   Code   RO          372    .text.qFIS_LinearMF  qfis.o
    0x080044a2   0x080044a2   0x00000002   PAD
    0x080044a4   0x080044a4   0x00000028   Code   RO          300    .text.qFIS_Max      qfis.o
    0x080044cc   0x080044cc   0x00000028   Code   RO          296    .text.qFIS_Min      qfis.o
    0x080044f4   0x080044f4   0x0000003e   Code   RO          326    .text.qFIS_OutputSetup  qfis.o
    0x08004532   0x08004532   0x00000002   PAD
    0x08004534   0x08004534   0x00000066   Code   RO          350    .text.qFIS_PSigMF   qfis.o
    0x0800459a   0x0800459a   0x00000002   PAD
    0x0800459c   0x0800459c   0x00000026   Code   RO          352    .text.qFIS_PiMF     qfis.o
    0x080045c2   0x080045c2   0x00000002   PAD
    0x080045c4   0x080045c4   0x00000032   Code   RO          302    .text.qFIS_ProbOR   qfis.o
    0x080045f6   0x080045f6   0x00000002   PAD
    0x080045f8   0x080045f8   0x0000001c   Code   RO          298    .text.qFIS_Prod     qfis.o
    0x08004614   0x08004614   0x0000002a   Code   RO          368    .text.qFIS_RectangleMF  qfis.o
    0x0800463e   0x0800463e   0x00000002   PAD
    0x08004640   0x08004640   0x000000d8   Code   RO          354    .text.qFIS_SMF      qfis.o
    0x08004718   0x08004718   0x0000005c   Code   RO          306    .text.qFIS_SetDeFuzzMethod  qfis.o
    0x08004774   0x08004774   0x0000001e   Code   RO          328    .text.qFIS_SetInput  qfis.o
    0x08004792   0x08004792   0x00000002   PAD
    0x08004794   0x08004794   0x0000005c   Code   RO          332    .text.qFIS_SetMF    qfis.o
    0x080047f0   0x080047f0   0x00000086   Code   RO          294    .text.qFIS_SetParameter  qfis.o
    0x08004876   0x08004876   0x00000002   PAD
    0x08004878   0x08004878   0x000001fc   Code   RO          322    .text.qFIS_Setup    qfis.o
    0x08004a74   0x08004a74   0x0000002c   Code   RO          346    .text.qFIS_SigMF    qfis.o
    0x08004aa0   0x08004aa0   0x00000014   Code   RO          358    .text.qFIS_SingletonMF  qfis.o
    0x08004ab4   0x08004ab4   0x0000002c   Code   RO          362    .text.qFIS_SpikeMF  qfis.o
    0x08004ae0   0x08004ae0   0x0000001c   Code   RO          304    .text.qFIS_Sum      qfis.o
    0x08004afc   0x08004afc   0x00000040   Code   RO          378    .text.qFIS_TConcaveMF  qfis.o
    0x08004b3c   0x08004b3c   0x0000001c   Code   RO          374    .text.qFIS_TLinSMF  qfis.o
    0x08004b58   0x08004b58   0x0000001c   Code   RO          376    .text.qFIS_TLinZMF  qfis.o
    0x08004b74   0x08004b74   0x000000ae   Code   RO          382    .text.qFIS_TSMF     qfis.o
    0x08004c22   0x08004c22   0x00000002   PAD
    0x08004c24   0x08004c24   0x0000007a   Code   RO          380    .text.qFIS_TSigMF   qfis.o
    0x08004c9e   0x08004c9e   0x00000002   PAD
    0x08004ca0   0x08004ca0   0x000000ae   Code   RO          384    .text.qFIS_TZMF     qfis.o
    0x08004d4e   0x08004d4e   0x00000002   PAD
    0x08004d50   0x08004d50   0x000000b0   Code   RO          338    .text.qFIS_TrapMF   qfis.o
    0x08004e00   0x08004e00   0x0000008a   Code   RO          336    .text.qFIS_TriMF    qfis.o
    0x08004e8a   0x08004e8a   0x00000002   PAD
    0x08004e8c   0x08004e8c   0x000000d0   Code   RO          356    .text.qFIS_ZMF      qfis.o
    0x08004f5c   0x08004f5c   0x00000024   Code   RO          422    .text.qFMathEx_Equal  qfmathex.o
    0x08004f80   0x08004f80   0x0000003a   Code   RO          418    .text.qFMathEx_InRangeCoerce  qfmathex.o
    0x08004fba   0x08004fba   0x00000028   Code   RO         1367    i.__ARM_fpclassify  m_ws.l(fpclassify.o)
    0x08004fe2   0x08004fe2   0x000000aa   Code   RO         1369    i.__kernel_poly     m_ws.l(poly.o)
    0x0800508c   0x0800508c   0x00000006   Code   RO         1354    i.__mathlib_dbl_infnan  m_ws.l(dunder.o)
    0x08005092   0x08005092   0x00000004   Code   RO         1355    i.__mathlib_dbl_infnan2  m_ws.l(dunder.o)
    0x08005096   0x08005096   0x00000002   PAD
    0x08005098   0x08005098   0x00000010   Code   RO         1359    i.__mathlib_dbl_underflow  m_ws.l(dunder.o)
    0x080050a8   0x080050a8   0x00000220   Code   RO         1313    i.atan              m_ws.l(atan.o)
    0x080052c8   0x080052c8   0x0000019c   Code   RO         1318    i.atan2             m_ws.l(atan2.o)
    0x08005464   0x08005464   0x0000004c   Code   RO         1322    i.sqrt              m_ws.l(sqrt.o)
    0x080054b0   0x080054b0   0x00000062   Code   RO         1260    x$fpl$d2f           fz_ws.l(d2f.o)
    0x08005512   0x08005512   0x00000002   PAD
    0x08005514   0x08005514   0x00000150   Code   RO         1262    x$fpl$dadd          fz_ws.l(daddsub_clz.o)
    0x08005664   0x08005664   0x00000010   Code   RO         1392    x$fpl$dcheck1       fz_ws.l(dcheck1.o)
    0x08005674   0x08005674   0x00000018   Code   RO         1394    x$fpl$dcmpinf       fz_ws.l(dcmpi.o)
    0x0800568c   0x0800568c   0x000002b4   Code   RO         1271    x$fpl$ddiv          fz_ws.l(ddiv.o)
    0x08005940   0x08005940   0x00000078   Code   RO         1328    x$fpl$deqf          fz_ws.l(deqf.o)
    0x080059b8   0x080059b8   0x0000002e   Code   RO         1275    x$fpl$dflt          fz_ws.l(dflt_clz.o)
    0x080059e6   0x080059e6   0x00000026   Code   RO         1274    x$fpl$dfltu         fz_ws.l(dflt_clz.o)
    0x08005a0c   0x08005a0c   0x00000078   Code   RO         1330    x$fpl$dgeqf         fz_ws.l(dgeqf.o)
    0x08005a84   0x08005a84   0x00000078   Code   RO         1332    x$fpl$dleqf         fz_ws.l(dleqf.o)
    0x08005afc   0x08005afc   0x00000154   Code   RO         1280    x$fpl$dmul          fz_ws.l(dmul.o)
    0x08005c50   0x08005c50   0x0000009c   Code   RO         1334    x$fpl$dnaninf       fz_ws.l(dnaninf.o)
    0x08005cec   0x08005cec   0x0000000c   Code   RO         1336    x$fpl$dretinf       fz_ws.l(dretinf.o)
    0x08005cf8   0x08005cf8   0x00000016   Code   RO         1263    x$fpl$drsb          fz_ws.l(daddsub_clz.o)
    0x08005d0e   0x08005d0e   0x00000002   PAD
    0x08005d10   0x08005d10   0x000001cc   Code   RO         1338    x$fpl$dsqrt         fz_ws.l(dsqrt_noumaal.o)
    0x08005edc   0x08005edc   0x000001dc   Code   RO         1264    x$fpl$dsub          fz_ws.l(daddsub_clz.o)
    0x080060b8   0x080060b8   0x00000056   Code   RO         1282    x$fpl$f2d           fz_ws.l(f2d.o)
    0x0800610e   0x0800610e   0x00000002   PAD
    0x08006110   0x08006110   0x000000c4   Code   RO         1284    x$fpl$fadd          fz_ws.l(faddsub_clz.o)
    0x080061d4   0x080061d4   0x00000054   Code   RO         1268    x$fpl$fcmp          fz_ws.l(dcmp.o)
    0x08006228   0x08006228   0x00000054   Code   RO         1290    x$fpl$fcmp          fz_ws.l(fcmp.o)
    0x0800627c   0x0800627c   0x00000018   Code   RO         1396    x$fpl$fcmpinf       fz_ws.l(fcmpi.o)
    0x08006294   0x08006294   0x00000184   Code   RO         1293    x$fpl$fdiv          fz_ws.l(fdiv.o)
    0x08006418   0x08006418   0x00000068   Code   RO         1340    x$fpl$feqf          fz_ws.l(feqf.o)
    0x08006480   0x08006480   0x00000036   Code   RO         1296    x$fpl$ffix          fz_ws.l(ffix.o)
    0x080064b6   0x080064b6   0x00000002   PAD
    0x080064b8   0x080064b8   0x0000003e   Code   RO         1300    x$fpl$ffixu         fz_ws.l(ffixu.o)
    0x080064f6   0x080064f6   0x00000002   PAD
    0x080064f8   0x080064f8   0x00000030   Code   RO         1305    x$fpl$fflt          fz_ws.l(fflt_clz.o)
    0x08006528   0x08006528   0x00000026   Code   RO         1304    x$fpl$ffltu         fz_ws.l(fflt_clz.o)
    0x0800654e   0x0800654e   0x00000002   PAD
    0x08006550   0x08006550   0x00000068   Code   RO         1342    x$fpl$fgeqf         fz_ws.l(fgeqf.o)
    0x080065b8   0x080065b8   0x00000068   Code   RO         1344    x$fpl$fleqf         fz_ws.l(fleqf.o)
    0x08006620   0x08006620   0x00000102   Code   RO         1310    x$fpl$fmul          fz_ws.l(fmul.o)
    0x08006722   0x08006722   0x0000008c   Code   RO         1346    x$fpl$fnaninf       fz_ws.l(fnaninf.o)
    0x080067ae   0x080067ae   0x0000000a   Code   RO         1348    x$fpl$fretinf       fz_ws.l(fretinf.o)
    0x080067b8   0x080067b8   0x000000ea   Code   RO         1286    x$fpl$fsub          fz_ws.l(faddsub_clz.o)
    0x080068a2   0x080068a2   0x00000064   Code   RO         1411    x$fpl$retnan        fz_ws.l(retnan.o)
    0x08006906   0x08006906   0x0000005c   Code   RO         1350    x$fpl$scalbn        fz_ws.l(scalbn.o)
    0x08006962   0x08006962   0x00000030   Code   RO         1462    x$fpl$trapveneer    fz_ws.l(trapv.o)
    0x08006992   0x08006992   0x00000000   Code   RO         1352    x$fpl$usenofp       fz_ws.l(usenofp.o)
    0x08006992   0x08006992   0x00000006   PAD
    0x08006998   0x08006998   0x00000098   Data   RO         1314    .constdata          m_ws.l(atan.o)
    0x08006a30   0x08006a30   0x00000008   Data   RO         1371    .constdata          m_ws.l(qnan.o)
    0x08006a38   0x08006a38   0x00000010   Data   RO         1245    .rodata.AHBPrescTable  system_stm32f1xx.o
    0x08006a48   0x08006a48   0x00000008   Data   RO         1246    .rodata.APBPrescTable  system_stm32f1xx.o
    0x08006a50   0x08006a50   0x00000002   Data   RO          677    .rodata.HAL_RCC_GetSysClockFreq.aPredivFactorTable  stm32f1xx_hal_rcc.o
    0x08006a52   0x08006a52   0x00000010   Data   RO          676    .rodata.cst16       stm32f1xx_hal_rcc.o
    0x08006a62   0x08006a62   0x00000002   PAD
    0x08006a64   0x08006a64   0x00000010   Data   RO          137    .rodata.e_NB_p      balance_fis.o
    0x08006a74   0x08006a74   0x00000010   Data   RO          140    .rodata.e_NS_p      balance_fis.o
    0x08006a84   0x08006a84   0x00000010   Data   RO          139    .rodata.e_PB_p      balance_fis.o
    0x08006a94   0x08006a94   0x00000010   Data   RO          141    .rodata.e_PS_p      balance_fis.o
    0x08006aa4   0x08006aa4   0x00000010   Data   RO          138    .rodata.e_ZE_p      balance_fis.o
    0x08006ab4   0x08006ab4   0x0000000c   Data   RO          142    .rodata.edot_NB_p   balance_fis.o
    0x08006ac0   0x08006ac0   0x0000000c   Data   RO          145    .rodata.edot_NS_p   balance_fis.o
    0x08006acc   0x08006acc   0x0000000c   Data   RO          144    .rodata.edot_PB_p   balance_fis.o
    0x08006ad8   0x08006ad8   0x0000000c   Data   RO          146    .rodata.edot_PS_p   balance_fis.o
    0x08006ae4   0x08006ae4   0x00000010   Data   RO          143    .rodata.edot_ZE_p   balance_fis.o
    0x08006af4   0x08006af4   0x0000006c   Data   RO          405    .rodata.qFIS_SetMF.fShape  qfis.o
    0x08006b60   0x08006b60   0x00000014   Data   RO          404    .rodata.qFIS_SetParameter.method  qfis.o
    0x08006b74   0x08006b74   0x00000194   Data   RO          156    .rodata.rules       balance_fis.o
    0x08006d08   0x08006d08   0x00000004   Data   RO          148    .rodata.u_NB_p      balance_fis.o
    0x08006d0c   0x08006d0c   0x00000004   Data   RO          149    .rodata.u_NM_p      balance_fis.o
    0x08006d10   0x08006d10   0x00000004   Data   RO          150    .rodata.u_NS_p      balance_fis.o
    0x08006d14   0x08006d14   0x00000004   Data   RO          154    .rodata.u_PB_p      balance_fis.o
    0x08006d18   0x08006d18   0x00000004   Data   RO          153    .rodata.u_PM_p      balance_fis.o
    0x08006d1c   0x08006d1c   0x00000004   Data   RO          152    .rodata.u_PS_p      balance_fis.o
    0x08006d20   0x08006d20   0x00000004   Data   RO          151    .rodata.u_ZE_p      balance_fis.o
    0x08006d24   0x08006d24   0x00000020   Data   RO         1548    Region$$Table       anon$$obj.o


    Execution Region RW_IRAM1 (Exec base: 0x20000000, Load base: 0x08006d48, Size: 0x00000af8, Max: 0x00005000, ABSOLUTE)

    Exec Addr    Load Addr    Size         Type   Attr      Idx    E Section Name        Object

    0x20000000   0x08006d48   0x00000008   Data   RW          639    .data..L_MergedGlobals  stm32f1xx_hal.o
    0x20000008   0x08006d50   0x00000048   Data   RW          181    .data.KalmanY       mpu6050.o
    0x20000050   0x08006d98   0x00000004   Data   RW         1244    .data.SystemCoreClock  system_stm32f1xx.o
    0x20000054   0x08006d9c   0x00000004   PAD
    0x20000058        -       0x00000060   Zero   RW         1399    .bss                c_w.l(libspace.o)
    0x200000b8        -       0x00000018   Zero   RW           36    .bss..L_MergedGlobals  main.o
    0x200000d0        -       0x0000004c   Zero   RW          157    .bss..L_MergedGlobals  balance_fis.o
    0x2000011c   0x08006d9c   0x00000004   PAD
    0x20000120        -       0x00000010   Zero   RW          285    .bss..L_MergedGlobals  qffmath.o
    0x20000130        -       0x00000060   Zero   RW          155    .bss.Balance        balance_fis.o
    0x20000190        -       0x000000c8   Zero   RW          136    .bss.MFin           balance_fis.o
    0x20000258        -       0x0000008c   Zero   RW          147    .bss.MFout          balance_fis.o
    0x200002e4   0x08006d9c   0x00000004   PAD
    0x200002e8        -       0x00000068   Zero   RW           33    .bss.MPU            main.o
    0x20000350        -       0x00000001   Zero   RW           34    .bss.current        main.o
    0x20000351   0x08006d9c   0x00000003   PAD
    0x20000354        -       0x00000054   Zero   RW           61    .bss.hi2c1          i2c.o
    0x200003a8        -       0x00000054   Zero   RW           62    .bss.hi2c2          i2c.o
    0x200003fc        -       0x00000048   Zero   RW           85    .bss.htim2          tim.o
    0x20000444        -       0x00000048   Zero   RW           86    .bss.htim3          tim.o
    0x2000048c        -       0x00000064   Zero   RW          135    .bss.rStrength      balance_fis.o
    0x200004f0        -       0x00000004   Zero   RW          182    .bss.timer          mpu6050.o
    0x200004f4        -       0x00000004   Zero   RW          638    .bss.uwTick         stm32f1xx_hal.o
    0x200004f8        -       0x00000200   Zero   RW            2    HEAP                startup_stm32f103xb.o
    0x200006f8        -       0x00000400   Zero   RW            1    STACK               startup_stm32f103xb.o


==============================================================================

Image component sizes


      Code (inc. data)   RO Data    RW Data    ZI Data      Debug   Object Name

       730          0        576          0        612       4312   balance_fis.o
        68          0          0          0          0        916   gpio.o
       344          0          0          0        168       4933   i2c.o
       600          0          0          0        129       7031   main.o
       112          0          0          0          0        763   motor.o
      1474          0          0         72          4       7382   mpu6050.o
       992          0          0          0         16      23563   qffmath.o
      6732         36        128          0          0      30897   qfis.o
        94          0          0          0          0       4730   qfmathex.o
        64         26        236          0       1536        772   startup_stm32f103xb.o
       188          0          0          8          4       5721   stm32f1xx_hal.o
       200          0          0          0          0       8479   stm32f1xx_hal_cortex.o
       554         22          0          0          0       4549   stm32f1xx_hal_gpio.o
      3274          0          0          0          0      42673   stm32f1xx_hal_i2c.o
        66          0          0          0          0       1175   stm32f1xx_hal_msp.o
      1432          0         18          0          0       7651   stm32f1xx_hal_rcc.o
      2110          6          0          0          0      55248   stm32f1xx_hal_tim.o
       126          0          0          0          0      20637   stm32f1xx_hal_tim_ex.o
        32          0          0          0          0       4246   stm32f1xx_it.o
         2          0         24          4          0       1601   system_stm32f1xx.o
       526          0          0          0        144       7576   tim.o

    ----------------------------------------------------------------------
     19866         90       1016         84       2628     244855   Object Totals
         0          0         32          0          0          0   (incl. Generated)
       146          0          2          0         15          0   (incl. Padding)

    ----------------------------------------------------------------------

      Code (inc. data)   RO Data    RW Data    ZI Data      Debug   Library Member Name

         8          0          0          0          0         68   __main.o
         0          0          0          0          0          0   __rtentry.o
        12          0          0          0          0          0   __rtentry2.o
         6          0          0          0          0          0   __rtentry4.o
        52          8          0          0          0          0   __scatter.o
        26          0          0          0          0          0   __scatter_copy.o
        28          0          0          0          0          0   __scatter_zi.o
        22          0          0          0          0        100   _rserrno.o
        18          0          0          0          0         80   exit.o
         6          0          0          0          0        152   heapauxi.o
         0          0          0          0          0          0   indicate_semi.o
         2          0          0          0          0          0   libinit.o
         2          0          0          0          0          0   libinit2.o
         2          0          0          0          0          0   libshutdown.o
         2          0          0          0          0          0   libshutdown2.o
         8          4          0          0         96         68   libspace.o
         8          4          0          0          0         68   rt_errno_addr_intlibspace.o
         2          0          0          0          0          0   rtexit.o
        10          0          0          0          0          0   rtexit2.o
        12          4          0          0          0         68   sys_exit.o
        74          0          0          0          0         80   sys_stackheap_outer.o
         2          0          0          0          0         68   use_no_semi.o
        98          4          0          0          0         92   d2f.o
       834         16          0          0          0        372   daddsub_clz.o
        16          4          0          0          0         68   dcheck1.o
        84          0          0          0          0        196   dcmp.o
        24          0          0          0          0         68   dcmpi.o
       692        140          0          0          0        216   ddiv.o
       120          4          0          0          0         92   deqf.o
        84          0          0          0          0        136   dflt_clz.o
       120          4          0          0          0         92   dgeqf.o
       120          4          0          0          0         92   dleqf.o
       340         12          0          0          0        104   dmul.o
       156          4          0          0          0         92   dnaninf.o
        12          0          0          0          0         68   dretinf.o
       460         56          0          0          0        120   dsqrt_noumaal.o
        86          4          0          0          0         84   f2d.o
       430          8          0          0          0        168   faddsub_clz.o
        84          0          0          0          0        196   fcmp.o
        24          0          0          0          0         68   fcmpi.o
       388         76          0          0          0         96   fdiv.o
       104          4          0          0          0         84   feqf.o
        54          4          0          0          0         84   ffix.o
        62          4          0          0          0         84   ffixu.o
        86          0          0          0          0        136   fflt_clz.o
       104          4          0          0          0         84   fgeqf.o
       104          4          0          0          0         84   fleqf.o
       258          4          0          0          0         84   fmul.o
       140          4          0          0          0         84   fnaninf.o
        10          0          0          0          0         68   fretinf.o
       100          0          0          0          0         68   retnan.o
        92          0          0          0          0         68   scalbn.o
        48          0          0          0          0         68   trapv.o
         0          0          0          0          0          0   usenofp.o
       544         70        152          0          0        124   atan.o
       412         38          0          0          0        144   atan2.o
        26          6          0          0          0        204   dunder.o
        40          0          0          0          0         68   fpclassify.o
       170          0          0          0          0         96   poly.o
         0          0          8          0          0          0   qnan.o
        76          0          0          0          0         84   sqrt.o

    ----------------------------------------------------------------------
      6930        498        160          0         96       4888   Library Totals
        26          0          0          0          0          0   (incl. Padding)

    ----------------------------------------------------------------------

      Code (inc. data)   RO Data    RW Data    ZI Data      Debug   Library Name

       302         20          0          0         96        752   c_w.l
      5334        364          0          0          0       3416   fz_ws.l
      1268        114        160          0          0        720   m_ws.l

    ----------------------------------------------------------------------
      6930        498        160          0         96       4888   Library Totals

    ----------------------------------------------------------------------

==============================================================================


      Code (inc. data)   RO Data    RW Data    ZI Data      Debug   

     26796        588       1176         84       2724     246863   Grand Totals
     26796        588       1176         84       2724     246863   ELF Image Totals
     26796        588       1176         84          0          0   ROM Totals

==============================================================================

    Total RO  Size (Code + RO Data)                27972 (  27.32kB)
    Total RW  Size (RW Data + ZI Data)              2808 (   2.74kB)
    Total ROM Size (Code + RO Data + RW Data)      28056 (  27.40kB)

==============================================================================

